[0.597s] DEBUG:colcon:Command line arguments: ['/usr/bin/colcon', 'build', '--packages-select', 'plantroid_msgs']
[0.597s] DEBUG:colcon:Parsed command line arguments: Namespace(allow_overriding=[], ament_cmake_args=None, base_paths=['.'], build_base='build', catkin_cmake_args=None, catkin_skip_building_tests=False, cmake_args=None, cmake_clean_cache=False, cmake_clean_first=False, cmake_force_configure=False, cmake_target=None, cmake_target_skip_unavailable=False, continue_on_error=False, event_handlers=None, executor='parallel', ignore_user_meta=False, install_base='install', log_base=None, log_level=None, main=<bound method BuildVerb.main of <colcon_core.verb.build.BuildVerb object at 0xffff956de460>>, merge_install=False, metas=['./colcon.meta'], packages_above=None, packages_above_and_dependencies=None, packages_above_depth=None, packages_end=None, packages_ignore=None, packages_ignore_regex=None, packages_select=['plantroid_msgs'], packages_select_build_failed=False, packages_select_by_dep=None, packages_select_regex=None, packages_select_test_failures=False, packages_skip=None, packages_skip_build_finished=False, packages_skip_by_dep=None, packages_skip_regex=None, packages_skip_test_passed=False, packages_skip_up_to=None, packages_start=None, packages_up_to=None, packages_up_to_regex=None, parallel_workers=4, paths=None, symlink_install=False, test_result_base=None, verb_extension=<colcon_core.verb.build.BuildVerb object at 0xffff956de460>, verb_name='build', verb_parser=<colcon_defaults.argument_parser.defaults.DefaultArgumentsDecorator object at 0xffff956de9a0>)
[0.698s] Level 1:colcon.colcon_core.package_discovery:discover_packages(colcon_meta) check parameters
[0.699s] Level 1:colcon.colcon_core.package_discovery:discover_packages(recursive) check parameters
[0.699s] Level 1:colcon.colcon_core.package_discovery:discover_packages(ignore) check parameters
[0.699s] Level 1:colcon.colcon_core.package_discovery:discover_packages(path) check parameters
[0.699s] Level 1:colcon.colcon_core.package_discovery:discover_packages(colcon_meta) discover
[0.700s] Level 1:colcon.colcon_core.package_discovery:discover_packages(recursive) discover
[0.700s] INFO:colcon.colcon_core.package_discovery:Crawling recursively for packages in '/home/plantroid/plantroid_ws/src/plantroid_msgs'
[0.701s] Level 1:colcon.colcon_core.package_identification:_identify(.) by extensions ['ignore', 'ignore_ament_install']
[0.701s] Level 1:colcon.colcon_core.package_identification:_identify(.) by extension 'ignore'
[0.702s] Level 1:colcon.colcon_core.package_identification:_identify(.) by extension 'ignore_ament_install'
[0.702s] Level 1:colcon.colcon_core.package_identification:_identify(.) by extensions ['colcon_pkg']
[0.702s] Level 1:colcon.colcon_core.package_identification:_identify(.) by extension 'colcon_pkg'
[0.702s] Level 1:colcon.colcon_core.package_identification:_identify(.) by extensions ['colcon_meta']
[0.702s] Level 1:colcon.colcon_core.package_identification:_identify(.) by extension 'colcon_meta'
[0.702s] Level 1:colcon.colcon_core.package_identification:_identify(.) by extensions ['ros']
[0.703s] Level 1:colcon.colcon_core.package_identification:_identify(.) by extension 'ros'
[0.760s] DEBUG:colcon.colcon_core.package_identification:Package '.' with type 'ros.ament_cmake' and name 'plantroid_msgs'
[0.761s] Level 1:colcon.colcon_core.package_discovery:discover_packages(recursive) using defaults
[0.761s] Level 1:colcon.colcon_core.package_discovery:discover_packages(ignore) discover
[0.761s] Level 1:colcon.colcon_core.package_discovery:discover_packages(ignore) using defaults
[0.761s] Level 1:colcon.colcon_core.package_discovery:discover_packages(path) discover
[0.761s] Level 1:colcon.colcon_core.package_discovery:discover_packages(path) using defaults
[0.832s] Level 1:colcon.colcon_core.package_discovery:discover_packages(prefix_path) check parameters
[0.832s] Level 1:colcon.colcon_core.package_discovery:discover_packages(prefix_path) discover
[0.844s] DEBUG:colcon.colcon_installed_package_information.package_discovery:Found 2 installed packages in /home/plantroid/plantroid_ws/install
[0.851s] DEBUG:colcon.colcon_installed_package_information.package_discovery:Found 171 installed packages in /opt/ros/foxy
[0.856s] Level 1:colcon.colcon_core.package_discovery:discover_packages(prefix_path) using defaults
[1.088s] Level 5:colcon.colcon_core.verb:set package 'plantroid_msgs' build argument 'cmake_args' from command line to 'None'
[1.088s] Level 5:colcon.colcon_core.verb:set package 'plantroid_msgs' build argument 'cmake_target' from command line to 'None'
[1.088s] Level 5:colcon.colcon_core.verb:set package 'plantroid_msgs' build argument 'cmake_target_skip_unavailable' from command line to 'False'
[1.088s] Level 5:colcon.colcon_core.verb:set package 'plantroid_msgs' build argument 'cmake_clean_cache' from command line to 'False'
[1.088s] Level 5:colcon.colcon_core.verb:set package 'plantroid_msgs' build argument 'cmake_clean_first' from command line to 'False'
[1.088s] Level 5:colcon.colcon_core.verb:set package 'plantroid_msgs' build argument 'cmake_force_configure' from command line to 'False'
[1.089s] Level 5:colcon.colcon_core.verb:set package 'plantroid_msgs' build argument 'ament_cmake_args' from command line to 'None'
[1.089s] Level 5:colcon.colcon_core.verb:set package 'plantroid_msgs' build argument 'catkin_cmake_args' from command line to 'None'
[1.089s] Level 5:colcon.colcon_core.verb:set package 'plantroid_msgs' build argument 'catkin_skip_building_tests' from command line to 'False'
[1.089s] DEBUG:colcon.colcon_core.verb:Building package 'plantroid_msgs' with the following arguments: {'ament_cmake_args': None, 'build_base': '/home/plantroid/plantroid_ws/src/plantroid_msgs/build/plantroid_msgs', 'catkin_cmake_args': None, 'catkin_skip_building_tests': False, 'cmake_args': None, 'cmake_clean_cache': False, 'cmake_clean_first': False, 'cmake_force_configure': False, 'cmake_target': None, 'cmake_target_skip_unavailable': False, 'install_base': '/home/plantroid/plantroid_ws/src/plantroid_msgs/install/plantroid_msgs', 'merge_install': False, 'path': '/home/plantroid/plantroid_ws/src/plantroid_msgs', 'symlink_install': False, 'test_result_base': None}
[1.091s] INFO:colcon.colcon_core.executor:Executing jobs using 'parallel' executor
[1.098s] DEBUG:colcon.colcon_parallel_executor.executor.parallel:run_until_complete
[1.100s] INFO:colcon.colcon_ros.task.ament_cmake.build:Building ROS package in '/home/plantroid/plantroid_ws/src/plantroid_msgs' with build type 'ament_cmake'
[1.100s] INFO:colcon.colcon_cmake.task.cmake.build:Building CMake package in '/home/plantroid/plantroid_ws/src/plantroid_msgs'
[1.115s] INFO:colcon.colcon_core.plugin_system:Skipping extension 'colcon_core.shell.bat': Not used on non-Windows systems
[1.116s] INFO:colcon.colcon_core.shell:Skip shell extension 'powershell' for command environment: Not usable outside of PowerShell
[1.116s] DEBUG:colcon.colcon_core.shell:Skip shell extension 'dsv' for command environment
[1.155s] DEBUG:colcon.colcon_core.event_handler.log_command:Invoking command in '/home/plantroid/plantroid_ws/src/plantroid_msgs/build/plantroid_msgs': CMAKE_PREFIX_PATH=${CMAKE_PREFIX_PATH}:/home/plantroid/plantroid_ws/install/plantroid_gui:/opt/ros/foxy /usr/bin/cmake /home/plantroid/plantroid_ws/src/plantroid_msgs -DCMAKE_INSTALL_PREFIX=/home/plantroid/plantroid_ws/src/plantroid_msgs/install/plantroid_msgs
[9.241s] DEBUG:colcon.colcon_core.event_handler.log_command:Invoked command in '/home/plantroid/plantroid_ws/src/plantroid_msgs/build/plantroid_msgs' returned '0': CMAKE_PREFIX_PATH=${CMAKE_PREFIX_PATH}:/home/plantroid/plantroid_ws/install/plantroid_gui:/opt/ros/foxy /usr/bin/cmake /home/plantroid/plantroid_ws/src/plantroid_msgs -DCMAKE_INSTALL_PREFIX=/home/plantroid/plantroid_ws/src/plantroid_msgs/install/plantroid_msgs
[9.253s] DEBUG:colcon.colcon_core.event_handler.log_command:Invoking command in '/home/plantroid/plantroid_ws/src/plantroid_msgs/build/plantroid_msgs': CMAKE_PREFIX_PATH=${CMAKE_PREFIX_PATH}:/home/plantroid/plantroid_ws/install/plantroid_gui:/opt/ros/foxy /usr/bin/cmake --build /home/plantroid/plantroid_ws/src/plantroid_msgs/build/plantroid_msgs -- -j4 -l4
[47.088s] DEBUG:colcon.colcon_core.event_handler.log_command:Invoked command in '/home/plantroid/plantroid_ws/src/plantroid_msgs/build/plantroid_msgs' returned '0': CMAKE_PREFIX_PATH=${CMAKE_PREFIX_PATH}:/home/plantroid/plantroid_ws/install/plantroid_gui:/opt/ros/foxy /usr/bin/cmake --build /home/plantroid/plantroid_ws/src/plantroid_msgs/build/plantroid_msgs -- -j4 -l4
[48.032s] DEBUG:colcon.colcon_core.event_handler.log_command:Invoking command in '/home/plantroid/plantroid_ws/src/plantroid_msgs/build/plantroid_msgs': CMAKE_PREFIX_PATH=${CMAKE_PREFIX_PATH}:/home/plantroid/plantroid_ws/install/plantroid_gui:/opt/ros/foxy /usr/bin/cmake --install /home/plantroid/plantroid_ws/src/plantroid_msgs/build/plantroid_msgs
[48.552s] Level 1:colcon.colcon_core.environment:create_environment_scripts_only(plantroid_msgs)
[48.555s] DEBUG:colcon.colcon_core.event_handler.log_command:Invoked command in '/home/plantroid/plantroid_ws/src/plantroid_msgs/build/plantroid_msgs' returned '0': CMAKE_PREFIX_PATH=${CMAKE_PREFIX_PATH}:/home/plantroid/plantroid_ws/install/plantroid_gui:/opt/ros/foxy /usr/bin/cmake --install /home/plantroid/plantroid_ws/src/plantroid_msgs/build/plantroid_msgs
[48.574s] Level 1:colcon.colcon_core.environment:checking '/home/plantroid/plantroid_ws/src/plantroid_msgs/install/plantroid_msgs' for CMake module files
[48.579s] Level 1:colcon.colcon_core.environment:checking '/home/plantroid/plantroid_ws/src/plantroid_msgs/install/plantroid_msgs' for CMake config files
[48.585s] Level 1:colcon.colcon_core.shell:create_environment_hook('plantroid_msgs', 'cmake_prefix_path')
[48.588s] INFO:colcon.colcon_core.shell:Creating environment hook '/home/plantroid/plantroid_ws/src/plantroid_msgs/install/plantroid_msgs/share/plantroid_msgs/hook/cmake_prefix_path.ps1'
[48.590s] INFO:colcon.colcon_core.shell:Creating environment descriptor '/home/plantroid/plantroid_ws/src/plantroid_msgs/install/plantroid_msgs/share/plantroid_msgs/hook/cmake_prefix_path.dsv'
[48.592s] INFO:colcon.colcon_core.shell:Creating environment hook '/home/plantroid/plantroid_ws/src/plantroid_msgs/install/plantroid_msgs/share/plantroid_msgs/hook/cmake_prefix_path.sh'
[48.596s] Level 1:colcon.colcon_core.environment:checking '/home/plantroid/plantroid_ws/src/plantroid_msgs/install/plantroid_msgs/lib'
[48.597s] Level 1:colcon.colcon_core.shell:create_environment_hook('plantroid_msgs', 'ld_library_path_lib')
[48.599s] INFO:colcon.colcon_core.shell:Creating environment hook '/home/plantroid/plantroid_ws/src/plantroid_msgs/install/plantroid_msgs/share/plantroid_msgs/hook/ld_library_path_lib.ps1'
[48.601s] INFO:colcon.colcon_core.shell:Creating environment descriptor '/home/plantroid/plantroid_ws/src/plantroid_msgs/install/plantroid_msgs/share/plantroid_msgs/hook/ld_library_path_lib.dsv'
[48.602s] INFO:colcon.colcon_core.shell:Creating environment hook '/home/plantroid/plantroid_ws/src/plantroid_msgs/install/plantroid_msgs/share/plantroid_msgs/hook/ld_library_path_lib.sh'
[48.603s] Level 1:colcon.colcon_core.environment:checking '/home/plantroid/plantroid_ws/src/plantroid_msgs/install/plantroid_msgs/bin'
[48.604s] Level 1:colcon.colcon_core.environment:checking '/home/plantroid/plantroid_ws/src/plantroid_msgs/install/plantroid_msgs/lib/pkgconfig/plantroid_msgs.pc'
[48.605s] Level 1:colcon.colcon_core.environment:checking '/home/plantroid/plantroid_ws/src/plantroid_msgs/install/plantroid_msgs/lib/python3.8/site-packages'
[48.605s] Level 1:colcon.colcon_core.shell:create_environment_hook('plantroid_msgs', 'pythonpath')
[48.607s] INFO:colcon.colcon_core.shell:Creating environment hook '/home/plantroid/plantroid_ws/src/plantroid_msgs/install/plantroid_msgs/share/plantroid_msgs/hook/pythonpath.ps1'
[48.609s] INFO:colcon.colcon_core.shell:Creating environment descriptor '/home/plantroid/plantroid_ws/src/plantroid_msgs/install/plantroid_msgs/share/plantroid_msgs/hook/pythonpath.dsv'
[48.610s] INFO:colcon.colcon_core.shell:Creating environment hook '/home/plantroid/plantroid_ws/src/plantroid_msgs/install/plantroid_msgs/share/plantroid_msgs/hook/pythonpath.sh'
[48.612s] Level 1:colcon.colcon_core.environment:checking '/home/plantroid/plantroid_ws/src/plantroid_msgs/install/plantroid_msgs/bin'
[48.615s] INFO:colcon.colcon_core.shell:Creating package script '/home/plantroid/plantroid_ws/src/plantroid_msgs/install/plantroid_msgs/share/plantroid_msgs/package.ps1'
[48.619s] INFO:colcon.colcon_core.shell:Creating package descriptor '/home/plantroid/plantroid_ws/src/plantroid_msgs/install/plantroid_msgs/share/plantroid_msgs/package.dsv'
[48.622s] INFO:colcon.colcon_core.shell:Creating package script '/home/plantroid/plantroid_ws/src/plantroid_msgs/install/plantroid_msgs/share/plantroid_msgs/package.sh'
[48.625s] INFO:colcon.colcon_core.shell:Creating package script '/home/plantroid/plantroid_ws/src/plantroid_msgs/install/plantroid_msgs/share/plantroid_msgs/package.bash'
[48.628s] INFO:colcon.colcon_core.shell:Creating package script '/home/plantroid/plantroid_ws/src/plantroid_msgs/install/plantroid_msgs/share/plantroid_msgs/package.zsh'
[48.631s] Level 1:colcon.colcon_core.environment:create_file_with_runtime_dependencies(/home/plantroid/plantroid_ws/src/plantroid_msgs/install/plantroid_msgs/share/colcon-core/packages/plantroid_msgs)
[49.493s] Level 1:colcon.colcon_core.environment:create_environment_scripts_only(plantroid_msgs)
[49.497s] Level 1:colcon.colcon_core.environment:checking '/home/plantroid/plantroid_ws/src/plantroid_msgs/install/plantroid_msgs' for CMake module files
[49.502s] Level 1:colcon.colcon_core.environment:checking '/home/plantroid/plantroid_ws/src/plantroid_msgs/install/plantroid_msgs' for CMake config files
[49.509s] Level 1:colcon.colcon_core.shell:create_environment_hook('plantroid_msgs', 'cmake_prefix_path')
[49.512s] INFO:colcon.colcon_core.shell:Creating environment hook '/home/plantroid/plantroid_ws/src/plantroid_msgs/install/plantroid_msgs/share/plantroid_msgs/hook/cmake_prefix_path.ps1'
[49.514s] INFO:colcon.colcon_core.shell:Creating environment descriptor '/home/plantroid/plantroid_ws/src/plantroid_msgs/install/plantroid_msgs/share/plantroid_msgs/hook/cmake_prefix_path.dsv'
[49.516s] INFO:colcon.colcon_core.shell:Creating environment hook '/home/plantroid/plantroid_ws/src/plantroid_msgs/install/plantroid_msgs/share/plantroid_msgs/hook/cmake_prefix_path.sh'
[49.518s] Level 1:colcon.colcon_core.environment:checking '/home/plantroid/plantroid_ws/src/plantroid_msgs/install/plantroid_msgs/lib'
[49.519s] Level 1:colcon.colcon_core.shell:create_environment_hook('plantroid_msgs', 'ld_library_path_lib')
[49.521s] INFO:colcon.colcon_core.shell:Creating environment hook '/home/plantroid/plantroid_ws/src/plantroid_msgs/install/plantroid_msgs/share/plantroid_msgs/hook/ld_library_path_lib.ps1'
[49.523s] INFO:colcon.colcon_core.shell:Creating environment descriptor '/home/plantroid/plantroid_ws/src/plantroid_msgs/install/plantroid_msgs/share/plantroid_msgs/hook/ld_library_path_lib.dsv'
[49.525s] INFO:colcon.colcon_core.shell:Creating environment hook '/home/plantroid/plantroid_ws/src/plantroid_msgs/install/plantroid_msgs/share/plantroid_msgs/hook/ld_library_path_lib.sh'
[49.526s] Level 1:colcon.colcon_core.environment:checking '/home/plantroid/plantroid_ws/src/plantroid_msgs/install/plantroid_msgs/bin'
[49.527s] Level 1:colcon.colcon_core.environment:checking '/home/plantroid/plantroid_ws/src/plantroid_msgs/install/plantroid_msgs/lib/pkgconfig/plantroid_msgs.pc'
[49.528s] Level 1:colcon.colcon_core.environment:checking '/home/plantroid/plantroid_ws/src/plantroid_msgs/install/plantroid_msgs/lib/python3.8/site-packages'
[49.528s] Level 1:colcon.colcon_core.shell:create_environment_hook('plantroid_msgs', 'pythonpath')
[49.530s] INFO:colcon.colcon_core.shell:Creating environment hook '/home/plantroid/plantroid_ws/src/plantroid_msgs/install/plantroid_msgs/share/plantroid_msgs/hook/pythonpath.ps1'
[49.532s] INFO:colcon.colcon_core.shell:Creating environment descriptor '/home/plantroid/plantroid_ws/src/plantroid_msgs/install/plantroid_msgs/share/plantroid_msgs/hook/pythonpath.dsv'
[49.534s] INFO:colcon.colcon_core.shell:Creating environment hook '/home/plantroid/plantroid_ws/src/plantroid_msgs/install/plantroid_msgs/share/plantroid_msgs/hook/pythonpath.sh'
[49.536s] Level 1:colcon.colcon_core.environment:checking '/home/plantroid/plantroid_ws/src/plantroid_msgs/install/plantroid_msgs/bin'
[49.539s] INFO:colcon.colcon_core.shell:Creating package script '/home/plantroid/plantroid_ws/src/plantroid_msgs/install/plantroid_msgs/share/plantroid_msgs/package.ps1'
[49.542s] INFO:colcon.colcon_core.shell:Creating package descriptor '/home/plantroid/plantroid_ws/src/plantroid_msgs/install/plantroid_msgs/share/plantroid_msgs/package.dsv'
[49.544s] INFO:colcon.colcon_core.shell:Creating package script '/home/plantroid/plantroid_ws/src/plantroid_msgs/install/plantroid_msgs/share/plantroid_msgs/package.sh'
[49.547s] INFO:colcon.colcon_core.shell:Creating package script '/home/plantroid/plantroid_ws/src/plantroid_msgs/install/plantroid_msgs/share/plantroid_msgs/package.bash'
[49.549s] INFO:colcon.colcon_core.shell:Creating package script '/home/plantroid/plantroid_ws/src/plantroid_msgs/install/plantroid_msgs/share/plantroid_msgs/package.zsh'
[49.551s] Level 1:colcon.colcon_core.environment:create_file_with_runtime_dependencies(/home/plantroid/plantroid_ws/src/plantroid_msgs/install/plantroid_msgs/share/colcon-core/packages/plantroid_msgs)
[49.552s] DEBUG:colcon.colcon_parallel_executor.executor.parallel:closing loop
[49.553s] DEBUG:colcon.colcon_parallel_executor.executor.parallel:loop closed
[49.553s] DEBUG:colcon.colcon_parallel_executor.executor.parallel:run_until_complete finished with '0'
[49.554s] DEBUG:colcon.colcon_core.event_reactor:joining thread
[49.578s] INFO:colcon.colcon_core.plugin_system:Skipping extension 'colcon_notification.desktop_notification.terminal_notifier': Not used on non-Darwin systems
[49.578s] INFO:colcon.colcon_core.plugin_system:Skipping extension 'colcon_notification.desktop_notification.win32': Not used on non-Windows systems
[49.578s] INFO:colcon.colcon_notification.desktop_notification:Sending desktop notification using 'notify2'
[49.948s] DEBUG:colcon.colcon_core.event_reactor:joined thread
[49.951s] INFO:colcon.colcon_core.shell:Creating prefix script '/home/plantroid/plantroid_ws/src/plantroid_msgs/install/local_setup.ps1'
[49.956s] INFO:colcon.colcon_core.shell:Creating prefix util module '/home/plantroid/plantroid_ws/src/plantroid_msgs/install/_local_setup_util_ps1.py'
[49.962s] INFO:colcon.colcon_core.shell:Creating prefix chain script '/home/plantroid/plantroid_ws/src/plantroid_msgs/install/setup.ps1'
[49.969s] INFO:colcon.colcon_core.shell:Creating prefix script '/home/plantroid/plantroid_ws/src/plantroid_msgs/install/local_setup.sh'
[49.972s] INFO:colcon.colcon_core.shell:Creating prefix util module '/home/plantroid/plantroid_ws/src/plantroid_msgs/install/_local_setup_util_sh.py'
[49.975s] INFO:colcon.colcon_core.shell:Creating prefix chain script '/home/plantroid/plantroid_ws/src/plantroid_msgs/install/setup.sh'
[49.983s] INFO:colcon.colcon_core.shell:Creating prefix script '/home/plantroid/plantroid_ws/src/plantroid_msgs/install/local_setup.bash'
[49.987s] INFO:colcon.colcon_core.shell:Creating prefix chain script '/home/plantroid/plantroid_ws/src/plantroid_msgs/install/setup.bash'
[49.993s] INFO:colcon.colcon_core.shell:Creating prefix script '/home/plantroid/plantroid_ws/src/plantroid_msgs/install/local_setup.zsh'
[49.994s] INFO:colcon.colcon_core.shell:Creating prefix chain script '/home/plantroid/plantroid_ws/src/plantroid_msgs/install/setup.zsh'
