[0.000000] (-) TimerEvent: {}
[0.000920] (plantroid_gui) JobQueued: {'identifier': 'plantroid_gui', 'dependencies': OrderedDict()}
[0.002487] (plantroid_gui) JobStarted: {'identifier': 'plantroid_gui'}
[0.099187] (-) TimerEvent: {}
[0.200093] (-) TimerEvent: {}
[0.300740] (-) TimerEvent: {}
[0.401433] (-) TimerEvent: {}
[0.502074] (-) TimerEvent: {}
[0.602718] (-) TimerEvent: {}
[0.703346] (-) TimerEvent: {}
[0.803994] (-) TimerEvent: {}
[0.904595] (-) TimerEvent: {}
[1.005227] (-) TimerEvent: {}
[1.105976] (-) TimerEvent: {}
[1.206988] (-) TimerEvent: {}
[1.308791] (-) TimerEvent: {}
[1.409639] (-) TimerEvent: {}
[1.510318] (-) TimerEvent: {}
[1.610969] (-) TimerEvent: {}
[1.711572] (-) TimerEvent: {}
[1.812208] (-) TimerEvent: {}
[1.912814] (-) TimerEvent: {}
[2.013468] (-) TimerEvent: {}
[2.114160] (-) TimerEvent: {}
[2.214801] (-) TimerEvent: {}
[2.315446] (-) TimerEvent: {}
[2.416106] (-) TimerEvent: {}
[2.516760] (-) TimerEvent: {}
[2.617385] (-) TimerEvent: {}
[2.717985] (-) TimerEvent: {}
[2.818611] (-) TimerEvent: {}
[2.919339] (-) TimerEvent: {}
[3.020323] (-) TimerEvent: {}
[3.121086] (-) TimerEvent: {}
[3.208034] (plantroid_gui) StderrLine: {'line': b'Traceback (most recent call last):\n  File "/usr/lib/python3/dist-packages/colcon_core/executor/__init__.py", line 91, in __call__\n    rc = await self.task(*args, **kwargs)\n  File "/usr/lib/python3/dist-packages/colcon_core/task/__init__.py", line 93, in __call__\n    return await task_method(*args, **kwargs)\n  File "/usr/lib/python3/dist-packages/colcon_ros/task/ament_python/build.py", line 105, in build\n    return await extension.build(additional_hooks=additional_hooks)\n  File "/usr/lib/python3/dist-packages/colcon_core/task/python/build.py", line 59, in build\n    available_commands = await self._get_available_commands(\n  File "/usr/lib/python3/dist-packages/colcon_core/task/python/build.py", line 142, in _get_available_commands\n    output = await check_output(\n  File "/usr/lib/python3/dist-packages/colcon_core/subprocess.py", line 128, in check_output\n    assert not rc, f\'Expected {args} to pass: {stderr_data}\'\nAssertionError: Expected [\'/usr/bin/python3\', \'setup.py\', \'--help-commands\'] to pass: Traceback (most recent call last):\n  File "setup.py", line 5, in <module>\n    setup(\n  File "/usr/lib/python3/dist-packages/setuptools/__init__.py", line 144, in setup\n    return distutils.core.setup(**attrs)\n  File "/usr/lib/python3.8/distutils/core.py", line 134, in setup\n    ok = dist.parse_command_line()\n  File "/usr/lib/python3/dist-packages/setuptools/dist.py", line 707, in parse_command_line\n    result = _Distribution.parse_command_line(self)\n  File "/usr/lib/python3.8/distutils/dist.py", line 480, in parse_command_line\n    if self.handle_display_options(option_order):\n  File "/usr/lib/python3/dist-packages/setuptools/dist.py", line 1092, in handle_display_options\n    return _Distribution.handle_display_options(self, option_order)\n  File "/usr/lib/python3.8/distutils/dist.py", line 683, in handle_display_options\n    self.print_commands()\n  File "/usr/lib/python3/dist-packages/setuptools/dist.py", line 843, in print_commands\n    cmdclass = ep.resolve()\n  File "/usr/lib/python3/dist-packages/pkg_resources/__init__.py", line 2451, in resolve\n    module = __import__(self.module_name, fromlist=[\'__name__\'], level=0)\n  File "/usr/lib/python3/dist-packages/sphinx/setup_command.py", line 23, in <module>\n    from sphinx.application import Sphinx\n  File "/usr/lib/python3/dist-packages/sphinx/application.py", line 48, in <module>\n    from sphinx.util.tags import Tags\n  File "/usr/lib/python3/dist-packages/sphinx/util/tags.py", line 11, in <module>\n    from jinja2 import nodes\n  File "/usr/lib/python3/dist-packages/jinja2/__init__.py", line 33, in <module>\n    from jinja2.environment import Environment, Template\n  File "/usr/lib/python3/dist-packages/jinja2/environment.py", line 15, in <module>\n    from jinja2 import nodes\n  File "/usr/lib/python3/dist-packages/jinja2/nodes.py", line 23, in <module>\n    from jinja2.utils import Markup\n  File "/usr/lib/python3/dist-packages/jinja2/utils.py", line 676, in <module>\n    from markupsafe import Markup, escape, soft_unicode\nImportError: cannot import name \'soft_unicode\' from \'markupsafe\' (/home/plantroid/.local/lib/python3.8/site-packages/markupsafe/__init__.py)\n\n'}
[3.209936] (plantroid_gui) JobEnded: {'identifier': 'plantroid_gui', 'rc': 1}
[3.220023] (-) EventReactorShutdown: {}
