[0.591s] DEBUG:colcon:Command line arguments: ['/usr/bin/colcon', 'build', '--packages-select', 'plantroid_gui']
[0.591s] DEBUG:colcon:Parsed command line arguments: Namespace(allow_overriding=[], ament_cmake_args=None, base_paths=['.'], build_base='build', catkin_cmake_args=None, catkin_skip_building_tests=False, cmake_args=None, cmake_clean_cache=False, cmake_clean_first=False, cmake_force_configure=False, cmake_target=None, cmake_target_skip_unavailable=False, continue_on_error=False, event_handlers=None, executor='parallel', ignore_user_meta=False, install_base='install', log_base=None, log_level=None, main=<bound method BuildVerb.main of <colcon_core.verb.build.BuildVerb object at 0xffffa7804220>>, merge_install=False, metas=['./colcon.meta'], packages_above=None, packages_above_and_dependencies=None, packages_above_depth=None, packages_end=None, packages_ignore=None, packages_ignore_regex=None, packages_select=['plantroid_gui'], packages_select_build_failed=False, packages_select_by_dep=None, packages_select_regex=None, packages_select_test_failures=False, packages_skip=None, packages_skip_build_finished=False, packages_skip_by_dep=None, packages_skip_regex=None, packages_skip_test_passed=False, packages_skip_up_to=None, packages_start=None, packages_up_to=None, packages_up_to_regex=None, parallel_workers=4, paths=None, symlink_install=False, test_result_base=None, verb_extension=<colcon_core.verb.build.BuildVerb object at 0xffffa7804220>, verb_name='build', verb_parser=<colcon_defaults.argument_parser.defaults.DefaultArgumentsDecorator object at 0xffffa7804760>)
[0.691s] Level 1:colcon.colcon_core.package_discovery:discover_packages(colcon_meta) check parameters
[0.691s] Level 1:colcon.colcon_core.package_discovery:discover_packages(recursive) check parameters
[0.691s] Level 1:colcon.colcon_core.package_discovery:discover_packages(ignore) check parameters
[0.691s] Level 1:colcon.colcon_core.package_discovery:discover_packages(path) check parameters
[0.692s] Level 1:colcon.colcon_core.package_discovery:discover_packages(colcon_meta) discover
[0.692s] Level 1:colcon.colcon_core.package_discovery:discover_packages(recursive) discover
[0.692s] INFO:colcon.colcon_core.package_discovery:Crawling recursively for packages in '/home/plantroid/plantroid_ws/src/plantroid_gui'
[0.693s] Level 1:colcon.colcon_core.package_identification:_identify(.) by extensions ['ignore', 'ignore_ament_install']
[0.693s] Level 1:colcon.colcon_core.package_identification:_identify(.) by extension 'ignore'
[0.694s] Level 1:colcon.colcon_core.package_identification:_identify(.) by extension 'ignore_ament_install'
[0.694s] Level 1:colcon.colcon_core.package_identification:_identify(.) by extensions ['colcon_pkg']
[0.694s] Level 1:colcon.colcon_core.package_identification:_identify(.) by extension 'colcon_pkg'
[0.694s] Level 1:colcon.colcon_core.package_identification:_identify(.) by extensions ['colcon_meta']
[0.694s] Level 1:colcon.colcon_core.package_identification:_identify(.) by extension 'colcon_meta'
[0.694s] Level 1:colcon.colcon_core.package_identification:_identify(.) by extensions ['ros']
[0.695s] Level 1:colcon.colcon_core.package_identification:_identify(.) by extension 'ros'
[0.752s] DEBUG:colcon.colcon_core.package_identification:Package '.' with type 'ros.ament_python' and name 'plantroid_gui'
[0.753s] Level 1:colcon.colcon_core.package_discovery:discover_packages(recursive) using defaults
[0.753s] Level 1:colcon.colcon_core.package_discovery:discover_packages(ignore) discover
[0.753s] Level 1:colcon.colcon_core.package_discovery:discover_packages(ignore) using defaults
[0.753s] Level 1:colcon.colcon_core.package_discovery:discover_packages(path) discover
[0.753s] Level 1:colcon.colcon_core.package_discovery:discover_packages(path) using defaults
[0.824s] Level 1:colcon.colcon_core.package_discovery:discover_packages(prefix_path) check parameters
[0.824s] Level 1:colcon.colcon_core.package_discovery:discover_packages(prefix_path) discover
[0.838s] DEBUG:colcon.colcon_installed_package_information.package_discovery:Found 171 installed packages in /opt/ros/foxy
[0.843s] Level 1:colcon.colcon_core.package_discovery:discover_packages(prefix_path) using defaults
[1.074s] Level 5:colcon.colcon_core.verb:set package 'plantroid_gui' build argument 'cmake_args' from command line to 'None'
[1.075s] Level 5:colcon.colcon_core.verb:set package 'plantroid_gui' build argument 'cmake_target' from command line to 'None'
[1.075s] Level 5:colcon.colcon_core.verb:set package 'plantroid_gui' build argument 'cmake_target_skip_unavailable' from command line to 'False'
[1.075s] Level 5:colcon.colcon_core.verb:set package 'plantroid_gui' build argument 'cmake_clean_cache' from command line to 'False'
[1.075s] Level 5:colcon.colcon_core.verb:set package 'plantroid_gui' build argument 'cmake_clean_first' from command line to 'False'
[1.075s] Level 5:colcon.colcon_core.verb:set package 'plantroid_gui' build argument 'cmake_force_configure' from command line to 'False'
[1.075s] Level 5:colcon.colcon_core.verb:set package 'plantroid_gui' build argument 'ament_cmake_args' from command line to 'None'
[1.075s] Level 5:colcon.colcon_core.verb:set package 'plantroid_gui' build argument 'catkin_cmake_args' from command line to 'None'
[1.075s] Level 5:colcon.colcon_core.verb:set package 'plantroid_gui' build argument 'catkin_skip_building_tests' from command line to 'False'
[1.076s] DEBUG:colcon.colcon_core.verb:Building package 'plantroid_gui' with the following arguments: {'ament_cmake_args': None, 'build_base': '/home/plantroid/plantroid_ws/src/plantroid_gui/build/plantroid_gui', 'catkin_cmake_args': None, 'catkin_skip_building_tests': False, 'cmake_args': None, 'cmake_clean_cache': False, 'cmake_clean_first': False, 'cmake_force_configure': False, 'cmake_target': None, 'cmake_target_skip_unavailable': False, 'install_base': '/home/plantroid/plantroid_ws/src/plantroid_gui/install/plantroid_gui', 'merge_install': False, 'path': '/home/plantroid/plantroid_ws/src/plantroid_gui', 'symlink_install': False, 'test_result_base': None}
[1.077s] INFO:colcon.colcon_core.executor:Executing jobs using 'parallel' executor
[1.085s] DEBUG:colcon.colcon_parallel_executor.executor.parallel:run_until_complete
[1.087s] INFO:colcon.colcon_ros.task.ament_python.build:Building ROS package in '/home/plantroid/plantroid_ws/src/plantroid_gui' with build type 'ament_python'
[1.088s] Level 1:colcon.colcon_core.shell:create_environment_hook('plantroid_gui', 'ament_prefix_path')
[1.104s] INFO:colcon.colcon_core.plugin_system:Skipping extension 'colcon_core.shell.bat': Not used on non-Windows systems
[1.105s] INFO:colcon.colcon_core.shell:Creating environment hook '/home/plantroid/plantroid_ws/src/plantroid_gui/install/plantroid_gui/share/plantroid_gui/hook/ament_prefix_path.ps1'
[1.108s] INFO:colcon.colcon_core.shell:Creating environment descriptor '/home/plantroid/plantroid_ws/src/plantroid_gui/install/plantroid_gui/share/plantroid_gui/hook/ament_prefix_path.dsv'
[1.110s] INFO:colcon.colcon_core.shell:Creating environment hook '/home/plantroid/plantroid_ws/src/plantroid_gui/install/plantroid_gui/share/plantroid_gui/hook/ament_prefix_path.sh'
[1.114s] INFO:colcon.colcon_core.shell:Skip shell extension 'powershell' for command environment: Not usable outside of PowerShell
[1.115s] DEBUG:colcon.colcon_core.shell:Skip shell extension 'dsv' for command environment
[2.254s] INFO:colcon.colcon_core.task.python.build:Building Python package in '/home/plantroid/plantroid_ws/src/plantroid_gui'
[2.257s] INFO:colcon.colcon_core.shell:Skip shell extension 'powershell' for command environment: Not usable outside of PowerShell
[2.257s] DEBUG:colcon.colcon_core.shell:Skip shell extension 'dsv' for command environment
[4.427s] DEBUG:colcon.colcon_core.event_handler.log_command:Invoking command in '/home/plantroid/plantroid_ws/src/plantroid_gui': PYTHONPATH=/home/plantroid/plantroid_ws/src/plantroid_gui/install/plantroid_gui/lib/python3.8/site-packages:${PYTHONPATH} /usr/bin/python3 setup.py egg_info --egg-base build/plantroid_gui build --build-base /home/plantroid/plantroid_ws/src/plantroid_gui/build/plantroid_gui/build install --prefix /home/plantroid/plantroid_ws/src/plantroid_gui/install/plantroid_gui --record /home/plantroid/plantroid_ws/src/plantroid_gui/build/plantroid_gui/install.log --single-version-externally-managed
[5.875s] DEBUG:colcon.colcon_core.event_handler.log_command:Invoked command in '/home/plantroid/plantroid_ws/src/plantroid_gui' returned '0': PYTHONPATH=/home/plantroid/plantroid_ws/src/plantroid_gui/install/plantroid_gui/lib/python3.8/site-packages:${PYTHONPATH} /usr/bin/python3 setup.py egg_info --egg-base build/plantroid_gui build --build-base /home/plantroid/plantroid_ws/src/plantroid_gui/build/plantroid_gui/build install --prefix /home/plantroid/plantroid_ws/src/plantroid_gui/install/plantroid_gui --record /home/plantroid/plantroid_ws/src/plantroid_gui/build/plantroid_gui/install.log --single-version-externally-managed
[5.890s] Level 1:colcon.colcon_core.environment:checking '/home/plantroid/plantroid_ws/src/plantroid_gui/install/plantroid_gui' for CMake module files
[5.893s] Level 1:colcon.colcon_core.environment:checking '/home/plantroid/plantroid_ws/src/plantroid_gui/install/plantroid_gui' for CMake config files
[5.897s] Level 1:colcon.colcon_core.environment:checking '/home/plantroid/plantroid_ws/src/plantroid_gui/install/plantroid_gui/lib'
[5.897s] Level 1:colcon.colcon_core.environment:checking '/home/plantroid/plantroid_ws/src/plantroid_gui/install/plantroid_gui/bin'
[5.898s] Level 1:colcon.colcon_core.environment:checking '/home/plantroid/plantroid_ws/src/plantroid_gui/install/plantroid_gui/lib/pkgconfig/plantroid_gui.pc'
[5.899s] Level 1:colcon.colcon_core.environment:checking '/home/plantroid/plantroid_ws/src/plantroid_gui/install/plantroid_gui/lib/python3.8/site-packages'
[5.899s] Level 1:colcon.colcon_core.shell:create_environment_hook('plantroid_gui', 'pythonpath')
[5.901s] INFO:colcon.colcon_core.shell:Creating environment hook '/home/plantroid/plantroid_ws/src/plantroid_gui/install/plantroid_gui/share/plantroid_gui/hook/pythonpath.ps1'
[5.903s] INFO:colcon.colcon_core.shell:Creating environment descriptor '/home/plantroid/plantroid_ws/src/plantroid_gui/install/plantroid_gui/share/plantroid_gui/hook/pythonpath.dsv'
[5.904s] INFO:colcon.colcon_core.shell:Creating environment hook '/home/plantroid/plantroid_ws/src/plantroid_gui/install/plantroid_gui/share/plantroid_gui/hook/pythonpath.sh'
[5.906s] Level 1:colcon.colcon_core.environment:checking '/home/plantroid/plantroid_ws/src/plantroid_gui/install/plantroid_gui/bin'
[5.907s] Level 1:colcon.colcon_core.environment:create_environment_scripts_only(plantroid_gui)
[5.909s] INFO:colcon.colcon_core.shell:Creating package script '/home/plantroid/plantroid_ws/src/plantroid_gui/install/plantroid_gui/share/plantroid_gui/package.ps1'
[5.913s] INFO:colcon.colcon_core.shell:Creating package descriptor '/home/plantroid/plantroid_ws/src/plantroid_gui/install/plantroid_gui/share/plantroid_gui/package.dsv'
[5.916s] INFO:colcon.colcon_core.shell:Creating package script '/home/plantroid/plantroid_ws/src/plantroid_gui/install/plantroid_gui/share/plantroid_gui/package.sh'
[5.919s] INFO:colcon.colcon_core.shell:Creating package script '/home/plantroid/plantroid_ws/src/plantroid_gui/install/plantroid_gui/share/plantroid_gui/package.bash'
[5.922s] INFO:colcon.colcon_core.shell:Creating package script '/home/plantroid/plantroid_ws/src/plantroid_gui/install/plantroid_gui/share/plantroid_gui/package.zsh'
[5.924s] Level 1:colcon.colcon_core.environment:create_file_with_runtime_dependencies(/home/plantroid/plantroid_ws/src/plantroid_gui/install/plantroid_gui/share/colcon-core/packages/plantroid_gui)
[5.926s] DEBUG:colcon.colcon_parallel_executor.executor.parallel:closing loop
[5.927s] DEBUG:colcon.colcon_parallel_executor.executor.parallel:loop closed
[5.927s] DEBUG:colcon.colcon_parallel_executor.executor.parallel:run_until_complete finished with '0'
[5.928s] DEBUG:colcon.colcon_core.event_reactor:joining thread
[5.951s] INFO:colcon.colcon_core.plugin_system:Skipping extension 'colcon_notification.desktop_notification.terminal_notifier': Not used on non-Darwin systems
[5.951s] INFO:colcon.colcon_core.plugin_system:Skipping extension 'colcon_notification.desktop_notification.win32': Not used on non-Windows systems
[5.952s] INFO:colcon.colcon_notification.desktop_notification:Sending desktop notification using 'notify2'
[6.315s] DEBUG:colcon.colcon_core.event_reactor:joined thread
[6.318s] INFO:colcon.colcon_core.shell:Creating prefix script '/home/plantroid/plantroid_ws/src/plantroid_gui/install/local_setup.ps1'
[6.324s] INFO:colcon.colcon_core.shell:Creating prefix util module '/home/plantroid/plantroid_ws/src/plantroid_gui/install/_local_setup_util_ps1.py'
[6.330s] INFO:colcon.colcon_core.shell:Creating prefix chain script '/home/plantroid/plantroid_ws/src/plantroid_gui/install/setup.ps1'
[6.337s] INFO:colcon.colcon_core.shell:Creating prefix script '/home/plantroid/plantroid_ws/src/plantroid_gui/install/local_setup.sh'
[6.341s] INFO:colcon.colcon_core.shell:Creating prefix util module '/home/plantroid/plantroid_ws/src/plantroid_gui/install/_local_setup_util_sh.py'
[6.345s] INFO:colcon.colcon_core.shell:Creating prefix chain script '/home/plantroid/plantroid_ws/src/plantroid_gui/install/setup.sh'
[6.353s] INFO:colcon.colcon_core.shell:Creating prefix script '/home/plantroid/plantroid_ws/src/plantroid_gui/install/local_setup.bash'
[6.356s] INFO:colcon.colcon_core.shell:Creating prefix chain script '/home/plantroid/plantroid_ws/src/plantroid_gui/install/setup.bash'
[6.361s] INFO:colcon.colcon_core.shell:Creating prefix script '/home/plantroid/plantroid_ws/src/plantroid_gui/install/local_setup.zsh'
[6.364s] INFO:colcon.colcon_core.shell:Creating prefix chain script '/home/plantroid/plantroid_ws/src/plantroid_gui/install/setup.zsh'
