running egg_info
creating build/plantroid_gui/plantroid_gui.egg-info
writing build/plantroid_gui/plantroid_gui.egg-info/PKG-INFO
writing dependency_links to build/plantroid_gui/plantroid_gui.egg-info/dependency_links.txt
writing entry points to build/plantroid_gui/plantroid_gui.egg-info/entry_points.txt
writing requirements to build/plantroid_gui/plantroid_gui.egg-info/requires.txt
writing top-level names to build/plantroid_gui/plantroid_gui.egg-info/top_level.txt
writing manifest file 'build/plantroid_gui/plantroid_gui.egg-info/SOURCES.txt'
reading manifest file 'build/plantroid_gui/plantroid_gui.egg-info/SOURCES.txt'
writing manifest file 'build/plantroid_gui/plantroid_gui.egg-info/SOURCES.txt'
running build
running build_py
creating /home/plantroid/plantroid_ws/src/plantroid_gui/build/plantroid_gui/build
creating /home/plantroid/plantroid_ws/src/plantroid_gui/build/plantroid_gui/build/lib
creating /home/plantroid/plantroid_ws/src/plantroid_gui/build/plantroid_gui/build/lib/plantroid_gui
copying plantroid_gui/__init__.py -> /home/plantroid/plantroid_ws/src/plantroid_gui/build/plantroid_gui/build/lib/plantroid_gui
copying plantroid_gui/GUI_MEGA.py -> /home/plantroid/plantroid_ws/src/plantroid_gui/build/plantroid_gui/build/lib/plantroid_gui
running install
running install_lib
creating /home/plantroid/plantroid_ws/src/plantroid_gui/install/plantroid_gui/lib/python3.8/site-packages/plantroid_gui
copying /home/plantroid/plantroid_ws/src/plantroid_gui/build/plantroid_gui/build/lib/plantroid_gui/__init__.py -> /home/plantroid/plantroid_ws/src/plantroid_gui/install/plantroid_gui/lib/python3.8/site-packages/plantroid_gui
copying /home/plantroid/plantroid_ws/src/plantroid_gui/build/plantroid_gui/build/lib/plantroid_gui/GUI_MEGA.py -> /home/plantroid/plantroid_ws/src/plantroid_gui/install/plantroid_gui/lib/python3.8/site-packages/plantroid_gui
byte-compiling /home/plantroid/plantroid_ws/src/plantroid_gui/install/plantroid_gui/lib/python3.8/site-packages/plantroid_gui/__init__.py to __init__.cpython-38.pyc
byte-compiling /home/plantroid/plantroid_ws/src/plantroid_gui/install/plantroid_gui/lib/python3.8/site-packages/plantroid_gui/GUI_MEGA.py to GUI_MEGA.cpython-38.pyc
running install_data
creating /home/plantroid/plantroid_ws/src/plantroid_gui/install/plantroid_gui/share/ament_index
creating /home/plantroid/plantroid_ws/src/plantroid_gui/install/plantroid_gui/share/ament_index/resource_index
creating /home/plantroid/plantroid_ws/src/plantroid_gui/install/plantroid_gui/share/ament_index/resource_index/packages
copying resource/plantroid_gui -> /home/plantroid/plantroid_ws/src/plantroid_gui/install/plantroid_gui/share/ament_index/resource_index/packages
copying package.xml -> /home/plantroid/plantroid_ws/src/plantroid_gui/install/plantroid_gui/share/plantroid_gui
running install_egg_info
Copying build/plantroid_gui/plantroid_gui.egg-info to /home/plantroid/plantroid_ws/src/plantroid_gui/install/plantroid_gui/lib/python3.8/site-packages/plantroid_gui-0.0.0-py3.8.egg-info
running install_scripts
Installing gui script to /home/plantroid/plantroid_ws/src/plantroid_gui/install/plantroid_gui/lib/plantroid_gui
writing list of installed files to '/home/plantroid/plantroid_ws/src/plantroid_gui/build/plantroid_gui/install.log'
