[0.173s] DEBUG:colcon:Command line arguments: ['/usr/bin/colcon', 'build']
[0.173s] DEBUG:colcon:Parsed command line arguments: Namespace(ament_cmake_args=None, base_paths=['.'], build_base='build', catkin_cmake_args=None, catkin_skip_building_tests=False, cmake_args=None, cmake_clean_cache=False, cmake_clean_first=False, cmake_force_configure=False, cmake_target=None, cmake_target_skip_unavailable=False, continue_on_error=False, event_handlers=None, executor='parallel', ignore_user_meta=False, install_base='install', log_base=None, log_level=None, main=<bound method BuildVerb.main of <colcon_core.verb.build.BuildVerb object at 0x7597aa2e7eb0>>, merge_install=False, metas=['./colcon.meta'], mixin=None, mixin_files=None, mixin_verb=('build',), packages_above=None, packages_above_and_dependencies=None, packages_above_depth=None, packages_end=None, packages_ignore=None, packages_ignore_regex=None, packages_select=None, packages_select_build_failed=False, packages_select_by_dep=None, packages_select_regex=None, packages_select_test_failures=False, packages_skip=None, packages_skip_build_finished=False, packages_skip_by_dep=None, packages_skip_regex=None, packages_skip_test_passed=False, packages_skip_up_to=None, packages_start=None, packages_up_to=None, packages_up_to_regex=None, parallel_workers=8, paths=None, symlink_install=False, test_result_base=None, verb_extension=<colcon_core.verb.build.BuildVerb object at 0x7597aa2e7eb0>, verb_name='build', verb_parser=<colcon_mixin.mixin.mixin_argument.MixinArgumentDecorator object at 0x7597aa2f54c0>)
[0.189s] Level 1:colcon.colcon_core.package_discovery:discover_packages(colcon_meta) check parameters
[0.190s] INFO:colcon.colcon_metadata.package_discovery.colcon_meta:Using configuration from '/root/.colcon/metadata/default/Gazebo.meta'
[0.190s] INFO:colcon.colcon_metadata.package_discovery.colcon_meta:Using configuration from '/root/.colcon/metadata/default/fastrtps.meta'
[0.190s] Level 1:colcon.colcon_core.package_discovery:discover_packages(recursive) check parameters
[0.190s] Level 1:colcon.colcon_core.package_discovery:discover_packages(ignore) check parameters
[0.190s] Level 1:colcon.colcon_core.package_discovery:discover_packages(path) check parameters
[0.190s] Level 1:colcon.colcon_core.package_discovery:discover_packages(colcon_meta) discover
[0.190s] Level 1:colcon.colcon_core.package_discovery:discover_packages(recursive) discover
[0.190s] INFO:colcon.colcon_core.package_discovery:Crawling recursively for packages in '/home/antoniogaliza/plantroid_ws/src/plantroid_msgs'
[0.190s] Level 1:colcon.colcon_core.package_identification:_identify(.) by extensions ['ignore', 'ignore_ament_install']
[0.190s] Level 1:colcon.colcon_core.package_identification:_identify(.) by extension 'ignore'
[0.190s] Level 1:colcon.colcon_core.package_identification:_identify(.) by extension 'ignore_ament_install'
[0.190s] Level 1:colcon.colcon_core.package_identification:_identify(.) by extensions ['colcon_pkg']
[0.190s] Level 1:colcon.colcon_core.package_identification:_identify(.) by extension 'colcon_pkg'
[0.190s] Level 1:colcon.colcon_core.package_identification:_identify(.) by extensions ['colcon_meta']
[0.190s] Level 1:colcon.colcon_core.package_identification:_identify(.) by extension 'colcon_meta'
[0.190s] Level 1:colcon.colcon_core.package_identification:_identify(.) by extensions ['ros']
[0.190s] Level 1:colcon.colcon_core.package_identification:_identify(.) by extension 'ros'
[0.204s] DEBUG:colcon.colcon_core.package_identification:Package '.' with type 'ros.ament_cmake' and name 'plantroid_msgs'
[0.204s] Level 1:colcon.colcon_core.package_discovery:discover_packages(recursive) using defaults
[0.204s] Level 1:colcon.colcon_core.package_discovery:discover_packages(ignore) discover
[0.204s] Level 1:colcon.colcon_core.package_discovery:discover_packages(ignore) using defaults
[0.204s] Level 1:colcon.colcon_core.package_discovery:discover_packages(path) discover
[0.204s] Level 1:colcon.colcon_core.package_discovery:discover_packages(path) using defaults
[0.216s] Level 5:colcon.colcon_core.verb:set package 'plantroid_msgs' build argument 'cmake_args' from command line to 'None'
[0.216s] Level 5:colcon.colcon_core.verb:set package 'plantroid_msgs' build argument 'cmake_target' from command line to 'None'
[0.216s] Level 5:colcon.colcon_core.verb:set package 'plantroid_msgs' build argument 'cmake_target_skip_unavailable' from command line to 'False'
[0.216s] Level 5:colcon.colcon_core.verb:set package 'plantroid_msgs' build argument 'cmake_clean_cache' from command line to 'False'
[0.216s] Level 5:colcon.colcon_core.verb:set package 'plantroid_msgs' build argument 'cmake_clean_first' from command line to 'False'
[0.216s] Level 5:colcon.colcon_core.verb:set package 'plantroid_msgs' build argument 'cmake_force_configure' from command line to 'False'
[0.216s] Level 5:colcon.colcon_core.verb:set package 'plantroid_msgs' build argument 'ament_cmake_args' from command line to 'None'
[0.216s] Level 5:colcon.colcon_core.verb:set package 'plantroid_msgs' build argument 'catkin_cmake_args' from command line to 'None'
[0.216s] Level 5:colcon.colcon_core.verb:set package 'plantroid_msgs' build argument 'catkin_skip_building_tests' from command line to 'False'
[0.216s] DEBUG:colcon.colcon_core.verb:Building package 'plantroid_msgs' with the following arguments: {'ament_cmake_args': None, 'build_base': '/home/antoniogaliza/plantroid_ws/src/plantroid_msgs/build/plantroid_msgs', 'catkin_cmake_args': None, 'catkin_skip_building_tests': False, 'cmake_args': None, 'cmake_clean_cache': False, 'cmake_clean_first': False, 'cmake_force_configure': False, 'cmake_target': None, 'cmake_target_skip_unavailable': False, 'install_base': '/home/antoniogaliza/plantroid_ws/src/plantroid_msgs/install/plantroid_msgs', 'merge_install': False, 'path': '/home/antoniogaliza/plantroid_ws/src/plantroid_msgs', 'symlink_install': False, 'test_result_base': None}
[0.217s] INFO:colcon.colcon_core.executor:Executing jobs using 'parallel' executor
[0.219s] DEBUG:colcon.colcon_parallel_executor.executor.parallel:run_until_complete
[0.219s] INFO:colcon.colcon_ros.task.ament_cmake.build:Building ROS package in '/home/antoniogaliza/plantroid_ws/src/plantroid_msgs' with build type 'ament_cmake'
[0.219s] INFO:colcon.colcon_cmake.task.cmake.build:Building CMake package in '/home/antoniogaliza/plantroid_ws/src/plantroid_msgs'
[0.222s] INFO:colcon.colcon_core.plugin_system:Skipping extension 'colcon_core.shell.bat': Not used on non-Windows systems
[0.222s] INFO:colcon.colcon_core.shell:Skip shell extension 'powershell' for command environment: Not usable outside of PowerShell
[0.222s] DEBUG:colcon.colcon_core.shell:Skip shell extension 'dsv' for command environment
[0.231s] DEBUG:colcon.colcon_core.event_handler.log_command:Invoking command in '/home/antoniogaliza/plantroid_ws/src/plantroid_msgs/build/plantroid_msgs': CMAKE_PREFIX_PATH=${CMAKE_PREFIX_PATH}:/home/antoniogaliza/plantroid_ws/install/plantroid_launch:/home/antoniogaliza/plantroid_ws/install/plantroid_social:/home/antoniogaliza/plantroid_ws/install/plantroid_navigation:/home/antoniogaliza/plantroid_ws/install/plantroid_vision:/home/antoniogaliza/plantroid_ws/install/plantroid_sensors:/home/antoniogaliza/plantroid_ws/install/plantroid_busy:/home/antoniogaliza/plantroid_ws/install/plantroid_gestures:/home/antoniogaliza/plantroid_ws/install/plantroid_neck:/home/antoniogaliza/plantroid_ws/install/plantroid_encoder:/home/antoniogaliza/plantroid_ws/install/plantroid_memory:/home/antoniogaliza/plantroid_ws/install/plantroid_listener:/home/antoniogaliza/plantroid_ws/install/plantroid_gui:/opt/ros/foxy /usr/bin/cmake --build /home/antoniogaliza/plantroid_ws/src/plantroid_msgs/build/plantroid_msgs -- -j8 -l8
[0.265s] DEBUG:colcon.colcon_core.event_handler.log_command:Invoked command in '/home/antoniogaliza/plantroid_ws/src/plantroid_msgs/build/plantroid_msgs' returned '2': CMAKE_PREFIX_PATH=${CMAKE_PREFIX_PATH}:/home/antoniogaliza/plantroid_ws/install/plantroid_launch:/home/antoniogaliza/plantroid_ws/install/plantroid_social:/home/antoniogaliza/plantroid_ws/install/plantroid_navigation:/home/antoniogaliza/plantroid_ws/install/plantroid_vision:/home/antoniogaliza/plantroid_ws/install/plantroid_sensors:/home/antoniogaliza/plantroid_ws/install/plantroid_busy:/home/antoniogaliza/plantroid_ws/install/plantroid_gestures:/home/antoniogaliza/plantroid_ws/install/plantroid_neck:/home/antoniogaliza/plantroid_ws/install/plantroid_encoder:/home/antoniogaliza/plantroid_ws/install/plantroid_memory:/home/antoniogaliza/plantroid_ws/install/plantroid_listener:/home/antoniogaliza/plantroid_ws/install/plantroid_gui:/opt/ros/foxy /usr/bin/cmake --build /home/antoniogaliza/plantroid_ws/src/plantroid_msgs/build/plantroid_msgs -- -j8 -l8
[0.374s] Level 1:colcon.colcon_core.environment:create_environment_scripts_only(plantroid_msgs)
[0.377s] Level 1:colcon.colcon_core.environment:checking '/home/antoniogaliza/plantroid_ws/src/plantroid_msgs/install/plantroid_msgs' for CMake module files
[0.378s] Level 1:colcon.colcon_core.environment:checking '/home/antoniogaliza/plantroid_ws/src/plantroid_msgs/install/plantroid_msgs' for CMake config files
[0.378s] Level 1:colcon.colcon_core.shell:create_environment_hook('plantroid_msgs', 'cmake_prefix_path')
[0.379s] INFO:colcon.colcon_core.shell:Creating environment hook '/home/antoniogaliza/plantroid_ws/src/plantroid_msgs/install/plantroid_msgs/share/plantroid_msgs/hook/cmake_prefix_path.ps1'
[0.380s] INFO:colcon.colcon_core.shell:Creating environment descriptor '/home/antoniogaliza/plantroid_ws/src/plantroid_msgs/install/plantroid_msgs/share/plantroid_msgs/hook/cmake_prefix_path.dsv'
[0.380s] INFO:colcon.colcon_core.shell:Creating environment hook '/home/antoniogaliza/plantroid_ws/src/plantroid_msgs/install/plantroid_msgs/share/plantroid_msgs/hook/cmake_prefix_path.sh'
[0.380s] Level 1:colcon.colcon_core.environment:checking '/home/antoniogaliza/plantroid_ws/src/plantroid_msgs/install/plantroid_msgs/lib'
[0.381s] Level 1:colcon.colcon_core.shell:create_environment_hook('plantroid_msgs', 'ld_library_path_lib')
[0.381s] INFO:colcon.colcon_core.shell:Creating environment hook '/home/antoniogaliza/plantroid_ws/src/plantroid_msgs/install/plantroid_msgs/share/plantroid_msgs/hook/ld_library_path_lib.ps1'
[0.382s] INFO:colcon.colcon_core.shell:Creating environment descriptor '/home/antoniogaliza/plantroid_ws/src/plantroid_msgs/install/plantroid_msgs/share/plantroid_msgs/hook/ld_library_path_lib.dsv'
[0.382s] INFO:colcon.colcon_core.shell:Creating environment hook '/home/antoniogaliza/plantroid_ws/src/plantroid_msgs/install/plantroid_msgs/share/plantroid_msgs/hook/ld_library_path_lib.sh'
[0.382s] Level 1:colcon.colcon_core.environment:checking '/home/antoniogaliza/plantroid_ws/src/plantroid_msgs/install/plantroid_msgs/bin'
[0.382s] Level 1:colcon.colcon_core.environment:checking '/home/antoniogaliza/plantroid_ws/src/plantroid_msgs/install/plantroid_msgs/lib/pkgconfig/plantroid_msgs.pc'
[0.383s] Level 1:colcon.colcon_core.environment:checking '/home/antoniogaliza/plantroid_ws/src/plantroid_msgs/install/plantroid_msgs/lib/python3.8/site-packages'
[0.383s] Level 1:colcon.colcon_core.shell:create_environment_hook('plantroid_msgs', 'pythonpath')
[0.383s] INFO:colcon.colcon_core.shell:Creating environment hook '/home/antoniogaliza/plantroid_ws/src/plantroid_msgs/install/plantroid_msgs/share/plantroid_msgs/hook/pythonpath.ps1'
[0.384s] INFO:colcon.colcon_core.shell:Creating environment descriptor '/home/antoniogaliza/plantroid_ws/src/plantroid_msgs/install/plantroid_msgs/share/plantroid_msgs/hook/pythonpath.dsv'
[0.384s] INFO:colcon.colcon_core.shell:Creating environment hook '/home/antoniogaliza/plantroid_ws/src/plantroid_msgs/install/plantroid_msgs/share/plantroid_msgs/hook/pythonpath.sh'
[0.384s] Level 1:colcon.colcon_core.environment:checking '/home/antoniogaliza/plantroid_ws/src/plantroid_msgs/install/plantroid_msgs/bin'
[0.385s] INFO:colcon.colcon_core.shell:Creating package script '/home/antoniogaliza/plantroid_ws/src/plantroid_msgs/install/plantroid_msgs/share/plantroid_msgs/package.ps1'
[0.386s] INFO:colcon.colcon_core.shell:Creating package descriptor '/home/antoniogaliza/plantroid_ws/src/plantroid_msgs/install/plantroid_msgs/share/plantroid_msgs/package.dsv'
[0.386s] INFO:colcon.colcon_core.shell:Creating package script '/home/antoniogaliza/plantroid_ws/src/plantroid_msgs/install/plantroid_msgs/share/plantroid_msgs/package.sh'
[0.387s] INFO:colcon.colcon_core.shell:Creating package script '/home/antoniogaliza/plantroid_ws/src/plantroid_msgs/install/plantroid_msgs/share/plantroid_msgs/package.bash'
[0.387s] INFO:colcon.colcon_core.shell:Creating package script '/home/antoniogaliza/plantroid_ws/src/plantroid_msgs/install/plantroid_msgs/share/plantroid_msgs/package.zsh'
[0.388s] Level 1:colcon.colcon_core.environment:create_file_with_runtime_dependencies(/home/antoniogaliza/plantroid_ws/src/plantroid_msgs/install/plantroid_msgs/share/colcon-core/packages/plantroid_msgs)
[0.398s] DEBUG:colcon.colcon_parallel_executor.executor.parallel:closing loop
[0.398s] DEBUG:colcon.colcon_parallel_executor.executor.parallel:loop closed
[0.398s] DEBUG:colcon.colcon_parallel_executor.executor.parallel:run_until_complete finished with '2'
[0.398s] DEBUG:colcon.colcon_core.event_reactor:joining thread
[0.402s] INFO:colcon.colcon_core.plugin_system:Skipping extension 'colcon_notification.desktop_notification.notify_send': Could not find 'notify-send'
[0.402s] INFO:colcon.colcon_core.plugin_system:Skipping extension 'colcon_notification.desktop_notification.terminal_notifier': Not used on non-Darwin systems
[0.402s] INFO:colcon.colcon_core.plugin_system:Skipping extension 'colcon_notification.desktop_notification.win32': Not used on non-Windows systems
[0.402s] INFO:colcon.colcon_notification.desktop_notification:Sending desktop notification using 'notify2'
[0.404s] DEBUG:colcon.colcon_notification.desktop_notification.notify2:Failed to initialize notify2: org.freedesktop.DBus.Error.Spawn.ExecFailed: /usr/bin/dbus-launch terminated abnormally without any error message
[0.405s] DEBUG:colcon.colcon_core.event_reactor:joined thread
[0.406s] INFO:colcon.colcon_core.shell:Creating prefix script '/home/antoniogaliza/plantroid_ws/src/plantroid_msgs/install/local_setup.ps1'
[0.407s] INFO:colcon.colcon_core.shell:Creating prefix util module '/home/antoniogaliza/plantroid_ws/src/plantroid_msgs/install/_local_setup_util_ps1.py'
[0.408s] INFO:colcon.colcon_core.shell:Creating prefix chain script '/home/antoniogaliza/plantroid_ws/src/plantroid_msgs/install/setup.ps1'
[0.410s] INFO:colcon.colcon_core.shell:Creating prefix script '/home/antoniogaliza/plantroid_ws/src/plantroid_msgs/install/local_setup.sh'
[0.410s] INFO:colcon.colcon_core.shell:Creating prefix util module '/home/antoniogaliza/plantroid_ws/src/plantroid_msgs/install/_local_setup_util_sh.py'
[0.410s] INFO:colcon.colcon_core.shell:Creating prefix chain script '/home/antoniogaliza/plantroid_ws/src/plantroid_msgs/install/setup.sh'
[0.411s] INFO:colcon.colcon_core.shell:Creating prefix script '/home/antoniogaliza/plantroid_ws/src/plantroid_msgs/install/local_setup.bash'
[0.412s] INFO:colcon.colcon_core.shell:Creating prefix chain script '/home/antoniogaliza/plantroid_ws/src/plantroid_msgs/install/setup.bash'
[0.413s] INFO:colcon.colcon_core.shell:Creating prefix script '/home/antoniogaliza/plantroid_ws/src/plantroid_msgs/install/local_setup.zsh'
[0.413s] INFO:colcon.colcon_core.shell:Creating prefix chain script '/home/antoniogaliza/plantroid_ws/src/plantroid_msgs/install/setup.zsh'
