-- The C compiler identification is GNU 9.4.0
-- The CXX compiler identification is GNU 9.4.0
-- Check for working C compiler: /usr/bin/cc
-- Check for working C compiler: /usr/bin/cc -- works
-- Detecting C compiler ABI info
-- Detecting C compiler ABI info - done
-- Detecting C compile features
-- Detecting C compile features - done
-- Check for working CXX compiler: /usr/bin/c++
-- Check for working CXX compiler: /usr/bin/c++ -- works
-- Detecting CXX compiler ABI info
-- Detecting CXX compiler ABI info - done
-- Detecting CXX compile features
-- Detecting CXX compile features - done
-- Found ament_cmake: 0.9.9 (/opt/ros/foxy/share/ament_cmake/cmake)
-- Found PythonInterp: /usr/bin/python3 (found suitable version "3.8.10", minimum required is "3") 
-- Using PYTHON_EXECUTABLE: /usr/bin/python3
-- Found geometry_msgs: 2.0.5 (/opt/ros/foxy/share/geometry_msgs/cmake)
-- Using all available rosidl_typesupport_c: rosidl_typesupport_fastrtps_c;rosidl_typesupport_introspection_c
-- Found rosidl_adapter: 1.2.1 (/opt/ros/foxy/share/rosidl_adapter/cmake)
-- Found OpenSSL: /usr/lib/aarch64-linux-gnu/libcrypto.so (found version "1.1.1f")  
-- Found FastRTPS: /opt/ros/foxy/include  
-- Using all available rosidl_typesupport_cpp: rosidl_typesupport_fastrtps_cpp;rosidl_typesupport_introspection_cpp
-- Found rosidl_default_generators: 1.0.1 (/opt/ros/foxy/share/rosidl_default_generators/cmake)
-- Found PythonInterp: /usr/bin/python3 (found version "3.8.10") 
-- Found ament_cmake_ros: 0.9.2 (/opt/ros/foxy/share/ament_cmake_ros/cmake)
-- Using all available rosidl_typesupport_c: rosidl_typesupport_fastrtps_c;rosidl_typesupport_introspection_c
-- Using all available rosidl_typesupport_cpp: rosidl_typesupport_fastrtps_cpp;rosidl_typesupport_introspection_cpp
-- Found PythonInterp: /usr/bin/python3 (found suitable version "3.8.10", minimum required is "3.5") 
-- Found python_cmake_module: 0.8.1 (/opt/ros/foxy/share/python_cmake_module/cmake)
-- Found PythonLibs: /usr/lib/aarch64-linux-gnu/libpython3.8.so (found suitable version "3.8.10", minimum required is "3.5") 
-- Using PYTHON_EXECUTABLE: /usr/bin/python3
-- Using PYTHON_INCLUDE_DIRS: /usr/include/python3.8
-- Using PYTHON_LIBRARIES: /usr/lib/aarch64-linux-gnu/libpython3.8.so
-- Found PythonExtra: .so  
-- Found ament_lint_auto: 0.9.6 (/opt/ros/foxy/share/ament_lint_auto/cmake)
-- Added test 'cppcheck' to perform static code analysis on C / C++ code
-- Configured cppcheck include dirs: $<BUILD_INTERFACE:/home/plantroid/plantroid_ws/src/plantroid_msgs/build/plantroid_msgs/rosidl_generator_c>;/home/plantroid/plantroid_ws/src/plantroid_msgs/build/plantroid_msgs/rosidl_generator_c;/home/plantroid/plantroid_ws/src/plantroid_msgs/build/plantroid_msgs/rosidl_generator_cpp;/home/plantroid/plantroid_ws/src/plantroid_msgs/build/plantroid_msgs/rosidl_typesupport_fastrtps_c;/home/plantroid/plantroid_ws/src/plantroid_msgs/build/plantroid_msgs/rosidl_typesupport_fastrtps_cpp;$<BUILD_INTERFACE:/home/plantroid/plantroid_ws/src/plantroid_msgs/build/plantroid_msgs/rosidl_typesupport_introspection_c>;$<BUILD_INTERFACE:/home/plantroid/plantroid_ws/src/plantroid_msgs/build/plantroid_msgs/rosidl_typesupport_c>;$<BUILD_INTERFACE:/home/plantroid/plantroid_ws/src/plantroid_msgs/build/plantroid_msgs/rosidl_generator_cpp>;/home/plantroid/plantroid_ws/src/plantroid_msgs/build/plantroid_msgs/rosidl_generator_py
-- Configured cppcheck exclude dirs and/or files: 
-- Added test 'flake8' to check Python code syntax and style conventions
-- Added test 'lint_cmake' to check CMake code style
-- Added test 'pep257' to check Python code against some of the style conventions in PEP 257
-- Added test 'uncrustify' to check C / C++ code style
-- Configured uncrustify additional arguments: 
-- Added test 'xmllint' to check XML markup files
-- Configuring done
-- Generating done
-- Build files have been written to: /home/plantroid/plantroid_ws/src/plantroid_msgs/build/plantroid_msgs
[35m[1mScanning dependencies of target plantroid_msgs__cpp[0m
[  1%] [34m[1mGenerating C code for ROS interfaces[0m
[  2%] [34m[1mGenerating C++ code for ROS interfaces[0m
[  2%] Built target plantroid_msgs__cpp
[  3%] [34m[1mGenerating C++ introspection for ROS interfaces[0m
[  4%] [34m[1mGenerating C++ type support dispatch for ROS interfaces[0m
[  5%] [34m[1mGenerating C++ type support for eProsima Fast-RTPS[0m
[35m[1mScanning dependencies of target plantroid_msgs__rosidl_generator_c[0m
[  6%] [32mBuilding C object CMakeFiles/plantroid_msgs__rosidl_generator_c.dir/rosidl_generator_c/plantroid_msgs/msg/detail/pose__functions.c.o[0m
[  8%] [32mBuilding C object CMakeFiles/plantroid_msgs__rosidl_generator_c.dir/rosidl_generator_c/plantroid_msgs/msg/detail/speed__functions.c.o[0m
[  9%] [32mBuilding C object CMakeFiles/plantroid_msgs__rosidl_generator_c.dir/rosidl_generator_c/plantroid_msgs/msg/detail/state__functions.c.o[0m
[ 10%] [32mBuilding C object CMakeFiles/plantroid_msgs__rosidl_generator_c.dir/rosidl_generator_c/plantroid_msgs/srv/detail/camera__functions.c.o[0m
[ 11%] [32mBuilding C object CMakeFiles/plantroid_msgs__rosidl_generator_c.dir/rosidl_generator_c/plantroid_msgs/srv/detail/neck_servo__functions.c.o[0m
[ 12%] [32mBuilding C object CMakeFiles/plantroid_msgs__rosidl_generator_c.dir/rosidl_generator_c/plantroid_msgs/srv/detail/sensors__functions.c.o[0m
[ 13%] [32mBuilding C object CMakeFiles/plantroid_msgs__rosidl_generator_c.dir/rosidl_generator_c/plantroid_msgs/srv/detail/command__functions.c.o[0m
[35m[1mScanning dependencies of target plantroid_msgs__rosidl_typesupport_cpp[0m
[ 14%] [32mBuilding CXX object CMakeFiles/plantroid_msgs__rosidl_typesupport_cpp.dir/rosidl_typesupport_cpp/plantroid_msgs/msg/pose__type_support.cpp.o[0m
[ 16%] [32mBuilding C object CMakeFiles/plantroid_msgs__rosidl_generator_c.dir/rosidl_generator_c/plantroid_msgs/srv/detail/gesture__functions.c.o[0m
[ 17%] [32m[1mLinking C shared library libplantroid_msgs__rosidl_generator_c.so[0m
[ 17%] Built target plantroid_msgs__rosidl_generator_c
[ 18%] [34m[1mGenerating C introspection for ROS interfaces[0m
[35m[1mScanning dependencies of target plantroid_msgs__rosidl_typesupport_introspection_cpp[0m
[ 19%] [32mBuilding CXX object CMakeFiles/plantroid_msgs__rosidl_typesupport_introspection_cpp.dir/rosidl_typesupport_introspection_cpp/plantroid_msgs/msg/detail/pose__type_support.cpp.o[0m
[35m[1mScanning dependencies of target plantroid_msgs__rosidl_typesupport_fastrtps_cpp[0m
[ 20%] [32mBuilding CXX object CMakeFiles/plantroid_msgs__rosidl_typesupport_fastrtps_cpp.dir/rosidl_typesupport_fastrtps_cpp/plantroid_msgs/msg/detail/dds_fastrtps/pose__type_support.cpp.o[0m
[ 21%] [32mBuilding CXX object CMakeFiles/plantroid_msgs__rosidl_typesupport_cpp.dir/rosidl_typesupport_cpp/plantroid_msgs/msg/speed__type_support.cpp.o[0m
[ 22%] [32mBuilding CXX object CMakeFiles/plantroid_msgs__rosidl_typesupport_introspection_cpp.dir/rosidl_typesupport_introspection_cpp/plantroid_msgs/msg/detail/speed__type_support.cpp.o[0m
[ 24%] [32mBuilding CXX object CMakeFiles/plantroid_msgs__rosidl_typesupport_cpp.dir/rosidl_typesupport_cpp/plantroid_msgs/msg/state__type_support.cpp.o[0m
[ 25%] [32mBuilding CXX object CMakeFiles/plantroid_msgs__rosidl_typesupport_fastrtps_cpp.dir/rosidl_typesupport_fastrtps_cpp/plantroid_msgs/msg/detail/dds_fastrtps/speed__type_support.cpp.o[0m
[35m[1mScanning dependencies of target plantroid_msgs__rosidl_typesupport_introspection_c[0m
[ 27%] [32mBuilding CXX object CMakeFiles/plantroid_msgs__rosidl_typesupport_introspection_cpp.dir/rosidl_typesupport_introspection_cpp/plantroid_msgs/msg/detail/state__type_support.cpp.o[0m
[ 27%] [32mBuilding C object CMakeFiles/plantroid_msgs__rosidl_typesupport_introspection_c.dir/rosidl_typesupport_introspection_c/plantroid_msgs/msg/detail/pose__type_support.c.o[0m
[ 28%] [32mBuilding C object CMakeFiles/plantroid_msgs__rosidl_typesupport_introspection_c.dir/rosidl_typesupport_introspection_c/plantroid_msgs/msg/detail/speed__type_support.c.o[0m
[ 29%] [32mBuilding C object CMakeFiles/plantroid_msgs__rosidl_typesupport_introspection_c.dir/rosidl_typesupport_introspection_c/plantroid_msgs/msg/detail/state__type_support.c.o[0m
[ 31%] [32mBuilding C object CMakeFiles/plantroid_msgs__rosidl_typesupport_introspection_c.dir/rosidl_typesupport_introspection_c/plantroid_msgs/srv/detail/camera__type_support.c.o[0m
[ 32%] [32mBuilding C object CMakeFiles/plantroid_msgs__rosidl_typesupport_introspection_c.dir/rosidl_typesupport_introspection_c/plantroid_msgs/srv/detail/neck_servo__type_support.c.o[0m
[ 33%] [32mBuilding C object CMakeFiles/plantroid_msgs__rosidl_typesupport_introspection_c.dir/rosidl_typesupport_introspection_c/plantroid_msgs/srv/detail/sensors__type_support.c.o[0m
[ 34%] [32mBuilding C object CMakeFiles/plantroid_msgs__rosidl_typesupport_introspection_c.dir/rosidl_typesupport_introspection_c/plantroid_msgs/srv/detail/command__type_support.c.o[0m
[ 35%] [32mBuilding CXX object CMakeFiles/plantroid_msgs__rosidl_typesupport_cpp.dir/rosidl_typesupport_cpp/plantroid_msgs/srv/camera__type_support.cpp.o[0m
[ 36%] [32mBuilding C object CMakeFiles/plantroid_msgs__rosidl_typesupport_introspection_c.dir/rosidl_typesupport_introspection_c/plantroid_msgs/srv/detail/gesture__type_support.c.o[0m
[ 37%] [32m[1mLinking C shared library libplantroid_msgs__rosidl_typesupport_introspection_c.so[0m
[ 39%] [32mBuilding CXX object CMakeFiles/plantroid_msgs__rosidl_typesupport_introspection_cpp.dir/rosidl_typesupport_introspection_cpp/plantroid_msgs/srv/detail/camera__type_support.cpp.o[0m
[ 39%] Built target plantroid_msgs__rosidl_typesupport_introspection_c
[ 40%] [34m[1mGenerating C type support dispatch for ROS interfaces[0m
[ 41%] [32mBuilding CXX object CMakeFiles/plantroid_msgs__rosidl_typesupport_fastrtps_cpp.dir/rosidl_typesupport_fastrtps_cpp/plantroid_msgs/msg/detail/dds_fastrtps/state__type_support.cpp.o[0m
[ 42%] [32mBuilding CXX object CMakeFiles/plantroid_msgs__rosidl_typesupport_cpp.dir/rosidl_typesupport_cpp/plantroid_msgs/srv/neck_servo__type_support.cpp.o[0m
[ 43%] [32mBuilding CXX object CMakeFiles/plantroid_msgs__rosidl_typesupport_introspection_cpp.dir/rosidl_typesupport_introspection_cpp/plantroid_msgs/srv/detail/neck_servo__type_support.cpp.o[0m
[35m[1mScanning dependencies of target plantroid_msgs__rosidl_typesupport_c[0m
[ 44%] [32mBuilding CXX object CMakeFiles/plantroid_msgs__rosidl_typesupport_c.dir/rosidl_typesupport_c/plantroid_msgs/msg/pose__type_support.cpp.o[0m
[ 45%] [32mBuilding CXX object CMakeFiles/plantroid_msgs__rosidl_typesupport_c.dir/rosidl_typesupport_c/plantroid_msgs/msg/speed__type_support.cpp.o[0m
[ 47%] [32mBuilding CXX object CMakeFiles/plantroid_msgs__rosidl_typesupport_c.dir/rosidl_typesupport_c/plantroid_msgs/msg/state__type_support.cpp.o[0m
[ 48%] [32mBuilding CXX object CMakeFiles/plantroid_msgs__rosidl_typesupport_fastrtps_cpp.dir/rosidl_typesupport_fastrtps_cpp/plantroid_msgs/srv/detail/dds_fastrtps/camera__type_support.cpp.o[0m
[ 49%] [32mBuilding CXX object CMakeFiles/plantroid_msgs__rosidl_typesupport_cpp.dir/rosidl_typesupport_cpp/plantroid_msgs/srv/sensors__type_support.cpp.o[0m
[ 50%] [32mBuilding CXX object CMakeFiles/plantroid_msgs__rosidl_typesupport_c.dir/rosidl_typesupport_c/plantroid_msgs/srv/camera__type_support.cpp.o[0m
[ 51%] [32mBuilding CXX object CMakeFiles/plantroid_msgs__rosidl_typesupport_c.dir/rosidl_typesupport_c/plantroid_msgs/srv/neck_servo__type_support.cpp.o[0m
[ 52%] [32mBuilding CXX object CMakeFiles/plantroid_msgs__rosidl_typesupport_c.dir/rosidl_typesupport_c/plantroid_msgs/srv/sensors__type_support.cpp.o[0m
[ 54%] [32mBuilding CXX object CMakeFiles/plantroid_msgs__rosidl_typesupport_introspection_cpp.dir/rosidl_typesupport_introspection_cpp/plantroid_msgs/srv/detail/sensors__type_support.cpp.o[0m
[ 55%] [32mBuilding CXX object CMakeFiles/plantroid_msgs__rosidl_typesupport_c.dir/rosidl_typesupport_c/plantroid_msgs/srv/command__type_support.cpp.o[0m
[ 56%] [32mBuilding CXX object CMakeFiles/plantroid_msgs__rosidl_typesupport_c.dir/rosidl_typesupport_c/plantroid_msgs/srv/gesture__type_support.cpp.o[0m
[ 57%] [32m[1mLinking CXX shared library libplantroid_msgs__rosidl_typesupport_c.so[0m
[ 57%] Built target plantroid_msgs__rosidl_typesupport_c
[ 58%] [32mBuilding CXX object CMakeFiles/plantroid_msgs__rosidl_typesupport_introspection_cpp.dir/rosidl_typesupport_introspection_cpp/plantroid_msgs/srv/detail/command__type_support.cpp.o[0m
[ 59%] [32mBuilding CXX object CMakeFiles/plantroid_msgs__rosidl_typesupport_cpp.dir/rosidl_typesupport_cpp/plantroid_msgs/srv/command__type_support.cpp.o[0m
[ 60%] [32mBuilding CXX object CMakeFiles/plantroid_msgs__rosidl_typesupport_introspection_cpp.dir/rosidl_typesupport_introspection_cpp/plantroid_msgs/srv/detail/gesture__type_support.cpp.o[0m
[ 62%] [32mBuilding CXX object CMakeFiles/plantroid_msgs__rosidl_typesupport_fastrtps_cpp.dir/rosidl_typesupport_fastrtps_cpp/plantroid_msgs/srv/detail/dds_fastrtps/neck_servo__type_support.cpp.o[0m
[ 63%] [32mBuilding CXX object CMakeFiles/plantroid_msgs__rosidl_typesupport_fastrtps_cpp.dir/rosidl_typesupport_fastrtps_cpp/plantroid_msgs/srv/detail/dds_fastrtps/sensors__type_support.cpp.o[0m
[ 64%] [32mBuilding CXX object CMakeFiles/plantroid_msgs__rosidl_typesupport_cpp.dir/rosidl_typesupport_cpp/plantroid_msgs/srv/gesture__type_support.cpp.o[0m
[ 65%] [32m[1mLinking CXX shared library libplantroid_msgs__rosidl_typesupport_introspection_cpp.so[0m
[ 65%] Built target plantroid_msgs__rosidl_typesupport_introspection_cpp
[ 66%] [32mBuilding CXX object CMakeFiles/plantroid_msgs__rosidl_typesupport_fastrtps_cpp.dir/rosidl_typesupport_fastrtps_cpp/plantroid_msgs/srv/detail/dds_fastrtps/command__type_support.cpp.o[0m
[ 67%] [32mBuilding CXX object CMakeFiles/plantroid_msgs__rosidl_typesupport_fastrtps_cpp.dir/rosidl_typesupport_fastrtps_cpp/plantroid_msgs/srv/detail/dds_fastrtps/gesture__type_support.cpp.o[0m
[ 68%] [32m[1mLinking CXX shared library libplantroid_msgs__rosidl_typesupport_cpp.so[0m
[ 68%] Built target plantroid_msgs__rosidl_typesupport_cpp
[ 70%] [32m[1mLinking CXX shared library libplantroid_msgs__rosidl_typesupport_fastrtps_cpp.so[0m
[ 70%] Built target plantroid_msgs__rosidl_typesupport_fastrtps_cpp
[ 71%] [34m[1mGenerating C type support for eProsima Fast-RTPS[0m
[35m[1mScanning dependencies of target plantroid_msgs__rosidl_typesupport_fastrtps_c[0m
[ 72%] [32mBuilding CXX object CMakeFiles/plantroid_msgs__rosidl_typesupport_fastrtps_c.dir/rosidl_typesupport_fastrtps_c/plantroid_msgs/msg/detail/pose__type_support_c.cpp.o[0m
[ 74%] [32mBuilding CXX object CMakeFiles/plantroid_msgs__rosidl_typesupport_fastrtps_c.dir/rosidl_typesupport_fastrtps_c/plantroid_msgs/msg/detail/state__type_support_c.cpp.o[0m
[ 74%] [32mBuilding CXX object CMakeFiles/plantroid_msgs__rosidl_typesupport_fastrtps_c.dir/rosidl_typesupport_fastrtps_c/plantroid_msgs/msg/detail/speed__type_support_c.cpp.o[0m
[ 75%] [32mBuilding CXX object CMakeFiles/plantroid_msgs__rosidl_typesupport_fastrtps_c.dir/rosidl_typesupport_fastrtps_c/plantroid_msgs/srv/detail/camera__type_support_c.cpp.o[0m
[ 77%] [32mBuilding CXX object CMakeFiles/plantroid_msgs__rosidl_typesupport_fastrtps_c.dir/rosidl_typesupport_fastrtps_c/plantroid_msgs/srv/detail/neck_servo__type_support_c.cpp.o[0m
[ 78%] [32mBuilding CXX object CMakeFiles/plantroid_msgs__rosidl_typesupport_fastrtps_c.dir/rosidl_typesupport_fastrtps_c/plantroid_msgs/srv/detail/sensors__type_support_c.cpp.o[0m
[ 79%] [32mBuilding CXX object CMakeFiles/plantroid_msgs__rosidl_typesupport_fastrtps_c.dir/rosidl_typesupport_fastrtps_c/plantroid_msgs/srv/detail/command__type_support_c.cpp.o[0m
[ 80%] [32mBuilding CXX object CMakeFiles/plantroid_msgs__rosidl_typesupport_fastrtps_c.dir/rosidl_typesupport_fastrtps_c/plantroid_msgs/srv/detail/gesture__type_support_c.cpp.o[0m
[ 81%] [32m[1mLinking CXX shared library libplantroid_msgs__rosidl_typesupport_fastrtps_c.so[0m
[ 81%] Built target plantroid_msgs__rosidl_typesupport_fastrtps_c
[35m[1mScanning dependencies of target plantroid_msgs[0m
[ 81%] Built target plantroid_msgs
[35m[1mScanning dependencies of target plantroid_msgs__py[0m
[ 82%] [34m[1mGenerating Python code for ROS interfaces[0m
[ 82%] Built target plantroid_msgs__py
[35m[1mScanning dependencies of target plantroid_msgs__python[0m
[ 85%] [32mBuilding C object CMakeFiles/plantroid_msgs__python.dir/rosidl_generator_py/plantroid_msgs/msg/_speed_s.c.o[0m
[ 85%] [32mBuilding C object CMakeFiles/plantroid_msgs__python.dir/rosidl_generator_py/plantroid_msgs/msg/_pose_s.c.o[0m
[ 86%] [32mBuilding C object CMakeFiles/plantroid_msgs__python.dir/rosidl_generator_py/plantroid_msgs/msg/_state_s.c.o[0m
[ 87%] [32mBuilding C object CMakeFiles/plantroid_msgs__python.dir/rosidl_generator_py/plantroid_msgs/srv/_camera_s.c.o[0m
[ 88%] [32mBuilding C object CMakeFiles/plantroid_msgs__python.dir/rosidl_generator_py/plantroid_msgs/srv/_sensors_s.c.o[0m
[ 89%] [32mBuilding C object CMakeFiles/plantroid_msgs__python.dir/rosidl_generator_py/plantroid_msgs/srv/_neck_servo_s.c.o[0m
[ 90%] [32mBuilding C object CMakeFiles/plantroid_msgs__python.dir/rosidl_generator_py/plantroid_msgs/srv/_command_s.c.o[0m
[ 91%] [32mBuilding C object CMakeFiles/plantroid_msgs__python.dir/rosidl_generator_py/plantroid_msgs/srv/_gesture_s.c.o[0m
[ 93%] [32m[1mLinking C shared library rosidl_generator_py/plantroid_msgs/libplantroid_msgs__python.so[0m
[ 93%] Built target plantroid_msgs__python
[35m[1mScanning dependencies of target plantroid_msgs__rosidl_typesupport_c__pyext[0m
[35m[1mScanning dependencies of target plantroid_msgs__rosidl_typesupport_fastrtps_c__pyext[0m
[35m[1mScanning dependencies of target plantroid_msgs__rosidl_typesupport_introspection_c__pyext[0m
[ 94%] [32mBuilding C object CMakeFiles/plantroid_msgs__rosidl_typesupport_c__pyext.dir/rosidl_generator_py/plantroid_msgs/_plantroid_msgs_s.ep.rosidl_typesupport_c.c.o[0m
[ 95%] [32mBuilding C object CMakeFiles/plantroid_msgs__rosidl_typesupport_introspection_c__pyext.dir/rosidl_generator_py/plantroid_msgs/_plantroid_msgs_s.ep.rosidl_typesupport_introspection_c.c.o[0m
[ 96%] [32mBuilding C object CMakeFiles/plantroid_msgs__rosidl_typesupport_fastrtps_c__pyext.dir/rosidl_generator_py/plantroid_msgs/_plantroid_msgs_s.ep.rosidl_typesupport_fastrtps_c.c.o[0m
[ 97%] [32m[1mLinking C shared library rosidl_generator_py/plantroid_msgs/plantroid_msgs_s__rosidl_typesupport_c.cpython-38-aarch64-linux-gnu.so[0m
[ 98%] [32m[1mLinking C shared library rosidl_generator_py/plantroid_msgs/plantroid_msgs_s__rosidl_typesupport_introspection_c.cpython-38-aarch64-linux-gnu.so[0m
[100%] [32m[1mLinking CXX shared library rosidl_generator_py/plantroid_msgs/plantroid_msgs_s__rosidl_typesupport_fastrtps_c.cpython-38-aarch64-linux-gnu.so[0m
[100%] Built target plantroid_msgs__rosidl_typesupport_c__pyext
[100%] Built target plantroid_msgs__rosidl_typesupport_introspection_c__pyext
[100%] Built target plantroid_msgs__rosidl_typesupport_fastrtps_c__pyext
-- Install configuration: ""
-- Installing: /home/plantroid/plantroid_ws/src/plantroid_msgs/install/plantroid_msgs/share/ament_index/resource_index/rosidl_interfaces/plantroid_msgs
-- Installing: /home/plantroid/plantroid_ws/src/plantroid_msgs/install/plantroid_msgs/include/plantroid_msgs
-- Installing: /home/plantroid/plantroid_ws/src/plantroid_msgs/install/plantroid_msgs/include/plantroid_msgs/msg
-- Installing: /home/plantroid/plantroid_ws/src/plantroid_msgs/install/plantroid_msgs/include/plantroid_msgs/msg/rosidl_generator_c__visibility_control.h
-- Installing: /home/plantroid/plantroid_ws/src/plantroid_msgs/install/plantroid_msgs/include/plantroid_msgs/msg/pose.h
-- Installing: /home/plantroid/plantroid_ws/src/plantroid_msgs/install/plantroid_msgs/include/plantroid_msgs/msg/state.h
-- Installing: /home/plantroid/plantroid_ws/src/plantroid_msgs/install/plantroid_msgs/include/plantroid_msgs/msg/speed.h
-- Installing: /home/plantroid/plantroid_ws/src/plantroid_msgs/install/plantroid_msgs/include/plantroid_msgs/msg/detail
-- Installing: /home/plantroid/plantroid_ws/src/plantroid_msgs/install/plantroid_msgs/include/plantroid_msgs/msg/detail/pose__functions.h
-- Installing: /home/plantroid/plantroid_ws/src/plantroid_msgs/install/plantroid_msgs/include/plantroid_msgs/msg/detail/pose__type_support.h
-- Installing: /home/plantroid/plantroid_ws/src/plantroid_msgs/install/plantroid_msgs/include/plantroid_msgs/msg/detail/speed__type_support.h
-- Installing: /home/plantroid/plantroid_ws/src/plantroid_msgs/install/plantroid_msgs/include/plantroid_msgs/msg/detail/pose__struct.h
-- Installing: /home/plantroid/plantroid_ws/src/plantroid_msgs/install/plantroid_msgs/include/plantroid_msgs/msg/detail/state__functions.h
-- Installing: /home/plantroid/plantroid_ws/src/plantroid_msgs/install/plantroid_msgs/include/plantroid_msgs/msg/detail/state__functions.c
-- Installing: /home/plantroid/plantroid_ws/src/plantroid_msgs/install/plantroid_msgs/include/plantroid_msgs/msg/detail/speed__functions.c
-- Installing: /home/plantroid/plantroid_ws/src/plantroid_msgs/install/plantroid_msgs/include/plantroid_msgs/msg/detail/pose__functions.c
-- Installing: /home/plantroid/plantroid_ws/src/plantroid_msgs/install/plantroid_msgs/include/plantroid_msgs/msg/detail/speed__struct.h
-- Installing: /home/plantroid/plantroid_ws/src/plantroid_msgs/install/plantroid_msgs/include/plantroid_msgs/msg/detail/state__type_support.h
-- Installing: /home/plantroid/plantroid_ws/src/plantroid_msgs/install/plantroid_msgs/include/plantroid_msgs/msg/detail/state__struct.h
-- Installing: /home/plantroid/plantroid_ws/src/plantroid_msgs/install/plantroid_msgs/include/plantroid_msgs/msg/detail/speed__functions.h
-- Installing: /home/plantroid/plantroid_ws/src/plantroid_msgs/install/plantroid_msgs/include/plantroid_msgs/srv
-- Installing: /home/plantroid/plantroid_ws/src/plantroid_msgs/install/plantroid_msgs/include/plantroid_msgs/srv/sensors.h
-- Installing: /home/plantroid/plantroid_ws/src/plantroid_msgs/install/plantroid_msgs/include/plantroid_msgs/srv/command.h
-- Installing: /home/plantroid/plantroid_ws/src/plantroid_msgs/install/plantroid_msgs/include/plantroid_msgs/srv/neck_servo.h
-- Installing: /home/plantroid/plantroid_ws/src/plantroid_msgs/install/plantroid_msgs/include/plantroid_msgs/srv/gesture.h
-- Installing: /home/plantroid/plantroid_ws/src/plantroid_msgs/install/plantroid_msgs/include/plantroid_msgs/srv/camera.h
-- Installing: /home/plantroid/plantroid_ws/src/plantroid_msgs/install/plantroid_msgs/include/plantroid_msgs/srv/detail
-- Installing: /home/plantroid/plantroid_ws/src/plantroid_msgs/install/plantroid_msgs/include/plantroid_msgs/srv/detail/camera__functions.h
-- Installing: /home/plantroid/plantroid_ws/src/plantroid_msgs/install/plantroid_msgs/include/plantroid_msgs/srv/detail/neck_servo__type_support.h
-- Installing: /home/plantroid/plantroid_ws/src/plantroid_msgs/install/plantroid_msgs/include/plantroid_msgs/srv/detail/command__struct.h
-- Installing: /home/plantroid/plantroid_ws/src/plantroid_msgs/install/plantroid_msgs/include/plantroid_msgs/srv/detail/camera__type_support.h
-- Installing: /home/plantroid/plantroid_ws/src/plantroid_msgs/install/plantroid_msgs/include/plantroid_msgs/srv/detail/camera__struct.h
-- Installing: /home/plantroid/plantroid_ws/src/plantroid_msgs/install/plantroid_msgs/include/plantroid_msgs/srv/detail/gesture__struct.h
-- Installing: /home/plantroid/plantroid_ws/src/plantroid_msgs/install/plantroid_msgs/include/plantroid_msgs/srv/detail/sensors__type_support.h
-- Installing: /home/plantroid/plantroid_ws/src/plantroid_msgs/install/plantroid_msgs/include/plantroid_msgs/srv/detail/neck_servo__functions.c
-- Installing: /home/plantroid/plantroid_ws/src/plantroid_msgs/install/plantroid_msgs/include/plantroid_msgs/srv/detail/camera__functions.c
-- Installing: /home/plantroid/plantroid_ws/src/plantroid_msgs/install/plantroid_msgs/include/plantroid_msgs/srv/detail/neck_servo__struct.h
-- Installing: /home/plantroid/plantroid_ws/src/plantroid_msgs/install/plantroid_msgs/include/plantroid_msgs/srv/detail/sensors__struct.h
-- Installing: /home/plantroid/plantroid_ws/src/plantroid_msgs/install/plantroid_msgs/include/plantroid_msgs/srv/detail/command__functions.h
-- Installing: /home/plantroid/plantroid_ws/src/plantroid_msgs/install/plantroid_msgs/include/plantroid_msgs/srv/detail/sensors__functions.h
-- Installing: /home/plantroid/plantroid_ws/src/plantroid_msgs/install/plantroid_msgs/include/plantroid_msgs/srv/detail/gesture__functions.h
-- Installing: /home/plantroid/plantroid_ws/src/plantroid_msgs/install/plantroid_msgs/include/plantroid_msgs/srv/detail/command__functions.c
-- Installing: /home/plantroid/plantroid_ws/src/plantroid_msgs/install/plantroid_msgs/include/plantroid_msgs/srv/detail/command__type_support.h
-- Installing: /home/plantroid/plantroid_ws/src/plantroid_msgs/install/plantroid_msgs/include/plantroid_msgs/srv/detail/neck_servo__functions.h
-- Installing: /home/plantroid/plantroid_ws/src/plantroid_msgs/install/plantroid_msgs/include/plantroid_msgs/srv/detail/sensors__functions.c
-- Installing: /home/plantroid/plantroid_ws/src/plantroid_msgs/install/plantroid_msgs/include/plantroid_msgs/srv/detail/gesture__functions.c
-- Installing: /home/plantroid/plantroid_ws/src/plantroid_msgs/install/plantroid_msgs/include/plantroid_msgs/srv/detail/gesture__type_support.h
-- Installing: /home/plantroid/plantroid_ws/src/plantroid_msgs/install/plantroid_msgs/share/plantroid_msgs/environment/library_path.sh
-- Installing: /home/plantroid/plantroid_ws/src/plantroid_msgs/install/plantroid_msgs/share/plantroid_msgs/environment/library_path.dsv
-- Installing: /home/plantroid/plantroid_ws/src/plantroid_msgs/install/plantroid_msgs/lib/libplantroid_msgs__rosidl_generator_c.so
-- Set runtime path of "/home/plantroid/plantroid_ws/src/plantroid_msgs/install/plantroid_msgs/lib/libplantroid_msgs__rosidl_generator_c.so" to ""
-- Up-to-date: /home/plantroid/plantroid_ws/src/plantroid_msgs/install/plantroid_msgs/include/plantroid_msgs
-- Up-to-date: /home/plantroid/plantroid_ws/src/plantroid_msgs/install/plantroid_msgs/include/plantroid_msgs/msg
-- Installing: /home/plantroid/plantroid_ws/src/plantroid_msgs/install/plantroid_msgs/include/plantroid_msgs/msg/rosidl_typesupport_fastrtps_c__visibility_control.h
-- Up-to-date: /home/plantroid/plantroid_ws/src/plantroid_msgs/install/plantroid_msgs/include/plantroid_msgs/msg/detail
-- Installing: /home/plantroid/plantroid_ws/src/plantroid_msgs/install/plantroid_msgs/include/plantroid_msgs/msg/detail/speed__rosidl_typesupport_fastrtps_c.h
-- Installing: /home/plantroid/plantroid_ws/src/plantroid_msgs/install/plantroid_msgs/include/plantroid_msgs/msg/detail/pose__rosidl_typesupport_fastrtps_c.h
-- Installing: /home/plantroid/plantroid_ws/src/plantroid_msgs/install/plantroid_msgs/include/plantroid_msgs/msg/detail/state__rosidl_typesupport_fastrtps_c.h
-- Up-to-date: /home/plantroid/plantroid_ws/src/plantroid_msgs/install/plantroid_msgs/include/plantroid_msgs/srv
-- Up-to-date: /home/plantroid/plantroid_ws/src/plantroid_msgs/install/plantroid_msgs/include/plantroid_msgs/srv/detail
-- Installing: /home/plantroid/plantroid_ws/src/plantroid_msgs/install/plantroid_msgs/include/plantroid_msgs/srv/detail/command__rosidl_typesupport_fastrtps_c.h
-- Installing: /home/plantroid/plantroid_ws/src/plantroid_msgs/install/plantroid_msgs/include/plantroid_msgs/srv/detail/gesture__rosidl_typesupport_fastrtps_c.h
-- Installing: /home/plantroid/plantroid_ws/src/plantroid_msgs/install/plantroid_msgs/include/plantroid_msgs/srv/detail/sensors__rosidl_typesupport_fastrtps_c.h
-- Installing: /home/plantroid/plantroid_ws/src/plantroid_msgs/install/plantroid_msgs/include/plantroid_msgs/srv/detail/camera__rosidl_typesupport_fastrtps_c.h
-- Installing: /home/plantroid/plantroid_ws/src/plantroid_msgs/install/plantroid_msgs/include/plantroid_msgs/srv/detail/neck_servo__rosidl_typesupport_fastrtps_c.h
-- Installing: /home/plantroid/plantroid_ws/src/plantroid_msgs/install/plantroid_msgs/lib/libplantroid_msgs__rosidl_typesupport_fastrtps_c.so
-- Set runtime path of "/home/plantroid/plantroid_ws/src/plantroid_msgs/install/plantroid_msgs/lib/libplantroid_msgs__rosidl_typesupport_fastrtps_c.so" to ""
-- Up-to-date: /home/plantroid/plantroid_ws/src/plantroid_msgs/install/plantroid_msgs/include/plantroid_msgs
-- Up-to-date: /home/plantroid/plantroid_ws/src/plantroid_msgs/install/plantroid_msgs/include/plantroid_msgs/msg
-- Installing: /home/plantroid/plantroid_ws/src/plantroid_msgs/install/plantroid_msgs/include/plantroid_msgs/msg/rosidl_typesupport_fastrtps_cpp__visibility_control.h
-- Up-to-date: /home/plantroid/plantroid_ws/src/plantroid_msgs/install/plantroid_msgs/include/plantroid_msgs/msg/detail
-- Installing: /home/plantroid/plantroid_ws/src/plantroid_msgs/install/plantroid_msgs/include/plantroid_msgs/msg/detail/speed__rosidl_typesupport_fastrtps_cpp.hpp
-- Installing: /home/plantroid/plantroid_ws/src/plantroid_msgs/install/plantroid_msgs/include/plantroid_msgs/msg/detail/dds_fastrtps
-- Installing: /home/plantroid/plantroid_ws/src/plantroid_msgs/install/plantroid_msgs/include/plantroid_msgs/msg/detail/pose__rosidl_typesupport_fastrtps_cpp.hpp
-- Installing: /home/plantroid/plantroid_ws/src/plantroid_msgs/install/plantroid_msgs/include/plantroid_msgs/msg/detail/state__rosidl_typesupport_fastrtps_cpp.hpp
-- Up-to-date: /home/plantroid/plantroid_ws/src/plantroid_msgs/install/plantroid_msgs/include/plantroid_msgs/srv
-- Up-to-date: /home/plantroid/plantroid_ws/src/plantroid_msgs/install/plantroid_msgs/include/plantroid_msgs/srv/detail
-- Installing: /home/plantroid/plantroid_ws/src/plantroid_msgs/install/plantroid_msgs/include/plantroid_msgs/srv/detail/gesture__rosidl_typesupport_fastrtps_cpp.hpp
-- Installing: /home/plantroid/plantroid_ws/src/plantroid_msgs/install/plantroid_msgs/include/plantroid_msgs/srv/detail/command__rosidl_typesupport_fastrtps_cpp.hpp
-- Installing: /home/plantroid/plantroid_ws/src/plantroid_msgs/install/plantroid_msgs/include/plantroid_msgs/srv/detail/dds_fastrtps
-- Installing: /home/plantroid/plantroid_ws/src/plantroid_msgs/install/plantroid_msgs/include/plantroid_msgs/srv/detail/camera__rosidl_typesupport_fastrtps_cpp.hpp
-- Installing: /home/plantroid/plantroid_ws/src/plantroid_msgs/install/plantroid_msgs/include/plantroid_msgs/srv/detail/neck_servo__rosidl_typesupport_fastrtps_cpp.hpp
-- Installing: /home/plantroid/plantroid_ws/src/plantroid_msgs/install/plantroid_msgs/include/plantroid_msgs/srv/detail/sensors__rosidl_typesupport_fastrtps_cpp.hpp
-- Installing: /home/plantroid/plantroid_ws/src/plantroid_msgs/install/plantroid_msgs/lib/libplantroid_msgs__rosidl_typesupport_fastrtps_cpp.so
-- Set runtime path of "/home/plantroid/plantroid_ws/src/plantroid_msgs/install/plantroid_msgs/lib/libplantroid_msgs__rosidl_typesupport_fastrtps_cpp.so" to ""
-- Up-to-date: /home/plantroid/plantroid_ws/src/plantroid_msgs/install/plantroid_msgs/include/plantroid_msgs
-- Up-to-date: /home/plantroid/plantroid_ws/src/plantroid_msgs/install/plantroid_msgs/include/plantroid_msgs/msg
-- Installing: /home/plantroid/plantroid_ws/src/plantroid_msgs/install/plantroid_msgs/include/plantroid_msgs/msg/rosidl_typesupport_introspection_c__visibility_control.h
-- Up-to-date: /home/plantroid/plantroid_ws/src/plantroid_msgs/install/plantroid_msgs/include/plantroid_msgs/msg/detail
-- Installing: /home/plantroid/plantroid_ws/src/plantroid_msgs/install/plantroid_msgs/include/plantroid_msgs/msg/detail/pose__type_support.c
-- Installing: /home/plantroid/plantroid_ws/src/plantroid_msgs/install/plantroid_msgs/include/plantroid_msgs/msg/detail/state__rosidl_typesupport_introspection_c.h
-- Installing: /home/plantroid/plantroid_ws/src/plantroid_msgs/install/plantroid_msgs/include/plantroid_msgs/msg/detail/speed__rosidl_typesupport_introspection_c.h
-- Installing: /home/plantroid/plantroid_ws/src/plantroid_msgs/install/plantroid_msgs/include/plantroid_msgs/msg/detail/state__type_support.c
-- Installing: /home/plantroid/plantroid_ws/src/plantroid_msgs/install/plantroid_msgs/include/plantroid_msgs/msg/detail/speed__type_support.c
-- Installing: /home/plantroid/plantroid_ws/src/plantroid_msgs/install/plantroid_msgs/include/plantroid_msgs/msg/detail/pose__rosidl_typesupport_introspection_c.h
-- Up-to-date: /home/plantroid/plantroid_ws/src/plantroid_msgs/install/plantroid_msgs/include/plantroid_msgs/srv
-- Up-to-date: /home/plantroid/plantroid_ws/src/plantroid_msgs/install/plantroid_msgs/include/plantroid_msgs/srv/detail
-- Installing: /home/plantroid/plantroid_ws/src/plantroid_msgs/install/plantroid_msgs/include/plantroid_msgs/srv/detail/sensors__rosidl_typesupport_introspection_c.h
-- Installing: /home/plantroid/plantroid_ws/src/plantroid_msgs/install/plantroid_msgs/include/plantroid_msgs/srv/detail/command__type_support.c
-- Installing: /home/plantroid/plantroid_ws/src/plantroid_msgs/install/plantroid_msgs/include/plantroid_msgs/srv/detail/neck_servo__type_support.c
-- Installing: /home/plantroid/plantroid_ws/src/plantroid_msgs/install/plantroid_msgs/include/plantroid_msgs/srv/detail/gesture__type_support.c
-- Installing: /home/plantroid/plantroid_ws/src/plantroid_msgs/install/plantroid_msgs/include/plantroid_msgs/srv/detail/command__rosidl_typesupport_introspection_c.h
-- Installing: /home/plantroid/plantroid_ws/src/plantroid_msgs/install/plantroid_msgs/include/plantroid_msgs/srv/detail/neck_servo__rosidl_typesupport_introspection_c.h
-- Installing: /home/plantroid/plantroid_ws/src/plantroid_msgs/install/plantroid_msgs/include/plantroid_msgs/srv/detail/gesture__rosidl_typesupport_introspection_c.h
-- Installing: /home/plantroid/plantroid_ws/src/plantroid_msgs/install/plantroid_msgs/include/plantroid_msgs/srv/detail/camera__rosidl_typesupport_introspection_c.h
-- Installing: /home/plantroid/plantroid_ws/src/plantroid_msgs/install/plantroid_msgs/include/plantroid_msgs/srv/detail/camera__type_support.c
-- Installing: /home/plantroid/plantroid_ws/src/plantroid_msgs/install/plantroid_msgs/include/plantroid_msgs/srv/detail/sensors__type_support.c
-- Installing: /home/plantroid/plantroid_ws/src/plantroid_msgs/install/plantroid_msgs/lib/libplantroid_msgs__rosidl_typesupport_introspection_c.so
-- Set runtime path of "/home/plantroid/plantroid_ws/src/plantroid_msgs/install/plantroid_msgs/lib/libplantroid_msgs__rosidl_typesupport_introspection_c.so" to ""
-- Installing: /home/plantroid/plantroid_ws/src/plantroid_msgs/install/plantroid_msgs/lib/libplantroid_msgs__rosidl_typesupport_c.so
-- Set runtime path of "/home/plantroid/plantroid_ws/src/plantroid_msgs/install/plantroid_msgs/lib/libplantroid_msgs__rosidl_typesupport_c.so" to ""
-- Up-to-date: /home/plantroid/plantroid_ws/src/plantroid_msgs/install/plantroid_msgs/include/plantroid_msgs
-- Up-to-date: /home/plantroid/plantroid_ws/src/plantroid_msgs/install/plantroid_msgs/include/plantroid_msgs/msg
-- Installing: /home/plantroid/plantroid_ws/src/plantroid_msgs/install/plantroid_msgs/include/plantroid_msgs/msg/state.hpp
-- Installing: /home/plantroid/plantroid_ws/src/plantroid_msgs/install/plantroid_msgs/include/plantroid_msgs/msg/speed.hpp
-- Installing: /home/plantroid/plantroid_ws/src/plantroid_msgs/install/plantroid_msgs/include/plantroid_msgs/msg/pose.hpp
-- Up-to-date: /home/plantroid/plantroid_ws/src/plantroid_msgs/install/plantroid_msgs/include/plantroid_msgs/msg/detail
-- Installing: /home/plantroid/plantroid_ws/src/plantroid_msgs/install/plantroid_msgs/include/plantroid_msgs/msg/detail/state__builder.hpp
-- Installing: /home/plantroid/plantroid_ws/src/plantroid_msgs/install/plantroid_msgs/include/plantroid_msgs/msg/detail/speed__traits.hpp
-- Installing: /home/plantroid/plantroid_ws/src/plantroid_msgs/install/plantroid_msgs/include/plantroid_msgs/msg/detail/pose__builder.hpp
-- Installing: /home/plantroid/plantroid_ws/src/plantroid_msgs/install/plantroid_msgs/include/plantroid_msgs/msg/detail/pose__traits.hpp
-- Installing: /home/plantroid/plantroid_ws/src/plantroid_msgs/install/plantroid_msgs/include/plantroid_msgs/msg/detail/state__traits.hpp
-- Installing: /home/plantroid/plantroid_ws/src/plantroid_msgs/install/plantroid_msgs/include/plantroid_msgs/msg/detail/speed__struct.hpp
-- Installing: /home/plantroid/plantroid_ws/src/plantroid_msgs/install/plantroid_msgs/include/plantroid_msgs/msg/detail/state__struct.hpp
-- Installing: /home/plantroid/plantroid_ws/src/plantroid_msgs/install/plantroid_msgs/include/plantroid_msgs/msg/detail/pose__struct.hpp
-- Installing: /home/plantroid/plantroid_ws/src/plantroid_msgs/install/plantroid_msgs/include/plantroid_msgs/msg/detail/speed__builder.hpp
-- Up-to-date: /home/plantroid/plantroid_ws/src/plantroid_msgs/install/plantroid_msgs/include/plantroid_msgs/srv
-- Installing: /home/plantroid/plantroid_ws/src/plantroid_msgs/install/plantroid_msgs/include/plantroid_msgs/srv/command.hpp
-- Installing: /home/plantroid/plantroid_ws/src/plantroid_msgs/install/plantroid_msgs/include/plantroid_msgs/srv/gesture.hpp
-- Installing: /home/plantroid/plantroid_ws/src/plantroid_msgs/install/plantroid_msgs/include/plantroid_msgs/srv/camera.hpp
-- Installing: /home/plantroid/plantroid_ws/src/plantroid_msgs/install/plantroid_msgs/include/plantroid_msgs/srv/sensors.hpp
-- Installing: /home/plantroid/plantroid_ws/src/plantroid_msgs/install/plantroid_msgs/include/plantroid_msgs/srv/neck_servo.hpp
-- Up-to-date: /home/plantroid/plantroid_ws/src/plantroid_msgs/install/plantroid_msgs/include/plantroid_msgs/srv/detail
-- Installing: /home/plantroid/plantroid_ws/src/plantroid_msgs/install/plantroid_msgs/include/plantroid_msgs/srv/detail/command__struct.hpp
-- Installing: /home/plantroid/plantroid_ws/src/plantroid_msgs/install/plantroid_msgs/include/plantroid_msgs/srv/detail/gesture__traits.hpp
-- Installing: /home/plantroid/plantroid_ws/src/plantroid_msgs/install/plantroid_msgs/include/plantroid_msgs/srv/detail/camera__traits.hpp
-- Installing: /home/plantroid/plantroid_ws/src/plantroid_msgs/install/plantroid_msgs/include/plantroid_msgs/srv/detail/camera__builder.hpp
-- Installing: /home/plantroid/plantroid_ws/src/plantroid_msgs/install/plantroid_msgs/include/plantroid_msgs/srv/detail/sensors__struct.hpp
-- Installing: /home/plantroid/plantroid_ws/src/plantroid_msgs/install/plantroid_msgs/include/plantroid_msgs/srv/detail/command__builder.hpp
-- Installing: /home/plantroid/plantroid_ws/src/plantroid_msgs/install/plantroid_msgs/include/plantroid_msgs/srv/detail/command__traits.hpp
-- Installing: /home/plantroid/plantroid_ws/src/plantroid_msgs/install/plantroid_msgs/include/plantroid_msgs/srv/detail/neck_servo__builder.hpp
-- Installing: /home/plantroid/plantroid_ws/src/plantroid_msgs/install/plantroid_msgs/include/plantroid_msgs/srv/detail/neck_servo__traits.hpp
-- Installing: /home/plantroid/plantroid_ws/src/plantroid_msgs/install/plantroid_msgs/include/plantroid_msgs/srv/detail/neck_servo__struct.hpp
-- Installing: /home/plantroid/plantroid_ws/src/plantroid_msgs/install/plantroid_msgs/include/plantroid_msgs/srv/detail/gesture__struct.hpp
-- Installing: /home/plantroid/plantroid_ws/src/plantroid_msgs/install/plantroid_msgs/include/plantroid_msgs/srv/detail/camera__struct.hpp
-- Installing: /home/plantroid/plantroid_ws/src/plantroid_msgs/install/plantroid_msgs/include/plantroid_msgs/srv/detail/sensors__builder.hpp
-- Installing: /home/plantroid/plantroid_ws/src/plantroid_msgs/install/plantroid_msgs/include/plantroid_msgs/srv/detail/sensors__traits.hpp
-- Installing: /home/plantroid/plantroid_ws/src/plantroid_msgs/install/plantroid_msgs/include/plantroid_msgs/srv/detail/gesture__builder.hpp
-- Up-to-date: /home/plantroid/plantroid_ws/src/plantroid_msgs/install/plantroid_msgs/include/plantroid_msgs
-- Up-to-date: /home/plantroid/plantroid_ws/src/plantroid_msgs/install/plantroid_msgs/include/plantroid_msgs/msg
-- Up-to-date: /home/plantroid/plantroid_ws/src/plantroid_msgs/install/plantroid_msgs/include/plantroid_msgs/msg/detail
-- Installing: /home/plantroid/plantroid_ws/src/plantroid_msgs/install/plantroid_msgs/include/plantroid_msgs/msg/detail/speed__type_support.cpp
-- Installing: /home/plantroid/plantroid_ws/src/plantroid_msgs/install/plantroid_msgs/include/plantroid_msgs/msg/detail/pose__rosidl_typesupport_introspection_cpp.hpp
-- Installing: /home/plantroid/plantroid_ws/src/plantroid_msgs/install/plantroid_msgs/include/plantroid_msgs/msg/detail/state__rosidl_typesupport_introspection_cpp.hpp
-- Installing: /home/plantroid/plantroid_ws/src/plantroid_msgs/install/plantroid_msgs/include/plantroid_msgs/msg/detail/speed__rosidl_typesupport_introspection_cpp.hpp
-- Installing: /home/plantroid/plantroid_ws/src/plantroid_msgs/install/plantroid_msgs/include/plantroid_msgs/msg/detail/state__type_support.cpp
-- Installing: /home/plantroid/plantroid_ws/src/plantroid_msgs/install/plantroid_msgs/include/plantroid_msgs/msg/detail/pose__type_support.cpp
-- Up-to-date: /home/plantroid/plantroid_ws/src/plantroid_msgs/install/plantroid_msgs/include/plantroid_msgs/srv
-- Up-to-date: /home/plantroid/plantroid_ws/src/plantroid_msgs/install/plantroid_msgs/include/plantroid_msgs/srv/detail
-- Installing: /home/plantroid/plantroid_ws/src/plantroid_msgs/install/plantroid_msgs/include/plantroid_msgs/srv/detail/camera__rosidl_typesupport_introspection_cpp.hpp
-- Installing: /home/plantroid/plantroid_ws/src/plantroid_msgs/install/plantroid_msgs/include/plantroid_msgs/srv/detail/gesture__type_support.cpp
-- Installing: /home/plantroid/plantroid_ws/src/plantroid_msgs/install/plantroid_msgs/include/plantroid_msgs/srv/detail/neck_servo__type_support.cpp
-- Installing: /home/plantroid/plantroid_ws/src/plantroid_msgs/install/plantroid_msgs/include/plantroid_msgs/srv/detail/gesture__rosidl_typesupport_introspection_cpp.hpp
-- Installing: /home/plantroid/plantroid_ws/src/plantroid_msgs/install/plantroid_msgs/include/plantroid_msgs/srv/detail/sensors__type_support.cpp
-- Installing: /home/plantroid/plantroid_ws/src/plantroid_msgs/install/plantroid_msgs/include/plantroid_msgs/srv/detail/sensors__rosidl_typesupport_introspection_cpp.hpp
-- Installing: /home/plantroid/plantroid_ws/src/plantroid_msgs/install/plantroid_msgs/include/plantroid_msgs/srv/detail/command__rosidl_typesupport_introspection_cpp.hpp
-- Installing: /home/plantroid/plantroid_ws/src/plantroid_msgs/install/plantroid_msgs/include/plantroid_msgs/srv/detail/command__type_support.cpp
-- Installing: /home/plantroid/plantroid_ws/src/plantroid_msgs/install/plantroid_msgs/include/plantroid_msgs/srv/detail/camera__type_support.cpp
-- Installing: /home/plantroid/plantroid_ws/src/plantroid_msgs/install/plantroid_msgs/include/plantroid_msgs/srv/detail/neck_servo__rosidl_typesupport_introspection_cpp.hpp
-- Installing: /home/plantroid/plantroid_ws/src/plantroid_msgs/install/plantroid_msgs/lib/libplantroid_msgs__rosidl_typesupport_introspection_cpp.so
-- Set runtime path of "/home/plantroid/plantroid_ws/src/plantroid_msgs/install/plantroid_msgs/lib/libplantroid_msgs__rosidl_typesupport_introspection_cpp.so" to ""
-- Installing: /home/plantroid/plantroid_ws/src/plantroid_msgs/install/plantroid_msgs/lib/libplantroid_msgs__rosidl_typesupport_cpp.so
-- Set runtime path of "/home/plantroid/plantroid_ws/src/plantroid_msgs/install/plantroid_msgs/lib/libplantroid_msgs__rosidl_typesupport_cpp.so" to ""
-- Installing: /home/plantroid/plantroid_ws/src/plantroid_msgs/install/plantroid_msgs/share/plantroid_msgs/environment/pythonpath.sh
-- Installing: /home/plantroid/plantroid_ws/src/plantroid_msgs/install/plantroid_msgs/share/plantroid_msgs/environment/pythonpath.dsv
-- Installing: /home/plantroid/plantroid_ws/src/plantroid_msgs/install/plantroid_msgs/lib/python3.8/site-packages/plantroid_msgs/__init__.py
Compiling '/home/plantroid/plantroid_ws/src/plantroid_msgs/install/plantroid_msgs/lib/python3.8/site-packages/plantroid_msgs/__init__.py'...
-- Installing: /home/plantroid/plantroid_ws/src/plantroid_msgs/install/plantroid_msgs/lib/python3.8/site-packages/plantroid_msgs/msg
-- Installing: /home/plantroid/plantroid_ws/src/plantroid_msgs/install/plantroid_msgs/lib/python3.8/site-packages/plantroid_msgs/msg/_pose.py
-- Installing: /home/plantroid/plantroid_ws/src/plantroid_msgs/install/plantroid_msgs/lib/python3.8/site-packages/plantroid_msgs/msg/_speed.py
-- Installing: /home/plantroid/plantroid_ws/src/plantroid_msgs/install/plantroid_msgs/lib/python3.8/site-packages/plantroid_msgs/msg/__init__.py
-- Installing: /home/plantroid/plantroid_ws/src/plantroid_msgs/install/plantroid_msgs/lib/python3.8/site-packages/plantroid_msgs/msg/_speed_s.c
-- Installing: /home/plantroid/plantroid_ws/src/plantroid_msgs/install/plantroid_msgs/lib/python3.8/site-packages/plantroid_msgs/msg/_pose_s.c
-- Installing: /home/plantroid/plantroid_ws/src/plantroid_msgs/install/plantroid_msgs/lib/python3.8/site-packages/plantroid_msgs/msg/_state.py
-- Installing: /home/plantroid/plantroid_ws/src/plantroid_msgs/install/plantroid_msgs/lib/python3.8/site-packages/plantroid_msgs/msg/_state_s.c
-- Installing: /home/plantroid/plantroid_ws/src/plantroid_msgs/install/plantroid_msgs/lib/python3.8/site-packages/plantroid_msgs/srv
-- Installing: /home/plantroid/plantroid_ws/src/plantroid_msgs/install/plantroid_msgs/lib/python3.8/site-packages/plantroid_msgs/srv/_camera_s.c
-- Installing: /home/plantroid/plantroid_ws/src/plantroid_msgs/install/plantroid_msgs/lib/python3.8/site-packages/plantroid_msgs/srv/_sensors_s.c
-- Installing: /home/plantroid/plantroid_ws/src/plantroid_msgs/install/plantroid_msgs/lib/python3.8/site-packages/plantroid_msgs/srv/_command_s.c
-- Installing: /home/plantroid/plantroid_ws/src/plantroid_msgs/install/plantroid_msgs/lib/python3.8/site-packages/plantroid_msgs/srv/_gesture_s.c
-- Installing: /home/plantroid/plantroid_ws/src/plantroid_msgs/install/plantroid_msgs/lib/python3.8/site-packages/plantroid_msgs/srv/__init__.py
-- Installing: /home/plantroid/plantroid_ws/src/plantroid_msgs/install/plantroid_msgs/lib/python3.8/site-packages/plantroid_msgs/srv/_camera.py
-- Installing: /home/plantroid/plantroid_ws/src/plantroid_msgs/install/plantroid_msgs/lib/python3.8/site-packages/plantroid_msgs/srv/_gesture.py
-- Installing: /home/plantroid/plantroid_ws/src/plantroid_msgs/install/plantroid_msgs/lib/python3.8/site-packages/plantroid_msgs/srv/_neck_servo.py
-- Installing: /home/plantroid/plantroid_ws/src/plantroid_msgs/install/plantroid_msgs/lib/python3.8/site-packages/plantroid_msgs/srv/_command.py
-- Installing: /home/plantroid/plantroid_ws/src/plantroid_msgs/install/plantroid_msgs/lib/python3.8/site-packages/plantroid_msgs/srv/_sensors.py
-- Installing: /home/plantroid/plantroid_ws/src/plantroid_msgs/install/plantroid_msgs/lib/python3.8/site-packages/plantroid_msgs/srv/_neck_servo_s.c
-- Installing: /home/plantroid/plantroid_ws/src/plantroid_msgs/install/plantroid_msgs/lib/python3.8/site-packages/plantroid_msgs/plantroid_msgs_s__rosidl_typesupport_fastrtps_c.cpython-38-aarch64-linux-gnu.so
-- Set runtime path of "/home/plantroid/plantroid_ws/src/plantroid_msgs/install/plantroid_msgs/lib/python3.8/site-packages/plantroid_msgs/plantroid_msgs_s__rosidl_typesupport_fastrtps_c.cpython-38-aarch64-linux-gnu.so" to ""
-- Installing: /home/plantroid/plantroid_ws/src/plantroid_msgs/install/plantroid_msgs/lib/python3.8/site-packages/plantroid_msgs/plantroid_msgs_s__rosidl_typesupport_introspection_c.cpython-38-aarch64-linux-gnu.so
-- Set runtime path of "/home/plantroid/plantroid_ws/src/plantroid_msgs/install/plantroid_msgs/lib/python3.8/site-packages/plantroid_msgs/plantroid_msgs_s__rosidl_typesupport_introspection_c.cpython-38-aarch64-linux-gnu.so" to ""
-- Installing: /home/plantroid/plantroid_ws/src/plantroid_msgs/install/plantroid_msgs/lib/python3.8/site-packages/plantroid_msgs/plantroid_msgs_s__rosidl_typesupport_c.cpython-38-aarch64-linux-gnu.so
-- Set runtime path of "/home/plantroid/plantroid_ws/src/plantroid_msgs/install/plantroid_msgs/lib/python3.8/site-packages/plantroid_msgs/plantroid_msgs_s__rosidl_typesupport_c.cpython-38-aarch64-linux-gnu.so" to ""
-- Installing: /home/plantroid/plantroid_ws/src/plantroid_msgs/install/plantroid_msgs/lib/libplantroid_msgs__python.so
-- Set runtime path of "/home/plantroid/plantroid_ws/src/plantroid_msgs/install/plantroid_msgs/lib/libplantroid_msgs__python.so" to ""
-- Installing: /home/plantroid/plantroid_ws/src/plantroid_msgs/install/plantroid_msgs/share/plantroid_msgs/msg/Pose.idl
-- Installing: /home/plantroid/plantroid_ws/src/plantroid_msgs/install/plantroid_msgs/share/plantroid_msgs/msg/Speed.idl
-- Installing: /home/plantroid/plantroid_ws/src/plantroid_msgs/install/plantroid_msgs/share/plantroid_msgs/msg/State.idl
-- Installing: /home/plantroid/plantroid_ws/src/plantroid_msgs/install/plantroid_msgs/share/plantroid_msgs/srv/Camera.idl
-- Installing: /home/plantroid/plantroid_ws/src/plantroid_msgs/install/plantroid_msgs/share/plantroid_msgs/srv/NeckServo.idl
-- Installing: /home/plantroid/plantroid_ws/src/plantroid_msgs/install/plantroid_msgs/share/plantroid_msgs/srv/Sensors.idl
-- Installing: /home/plantroid/plantroid_ws/src/plantroid_msgs/install/plantroid_msgs/share/plantroid_msgs/srv/Command.idl
-- Installing: /home/plantroid/plantroid_ws/src/plantroid_msgs/install/plantroid_msgs/share/plantroid_msgs/srv/Gesture.idl
-- Installing: /home/plantroid/plantroid_ws/src/plantroid_msgs/install/plantroid_msgs/share/plantroid_msgs/msg/Pose.msg
-- Installing: /home/plantroid/plantroid_ws/src/plantroid_msgs/install/plantroid_msgs/share/plantroid_msgs/msg/Speed.msg
-- Installing: /home/plantroid/plantroid_ws/src/plantroid_msgs/install/plantroid_msgs/share/plantroid_msgs/msg/State.msg
-- Installing: /home/plantroid/plantroid_ws/src/plantroid_msgs/install/plantroid_msgs/share/plantroid_msgs/srv/Camera.srv
-- Installing: /home/plantroid/plantroid_ws/src/plantroid_msgs/install/plantroid_msgs/share/plantroid_msgs/srv/Camera_Request.msg
-- Installing: /home/plantroid/plantroid_ws/src/plantroid_msgs/install/plantroid_msgs/share/plantroid_msgs/srv/Camera_Response.msg
-- Installing: /home/plantroid/plantroid_ws/src/plantroid_msgs/install/plantroid_msgs/share/plantroid_msgs/srv/NeckServo.srv
-- Installing: /home/plantroid/plantroid_ws/src/plantroid_msgs/install/plantroid_msgs/share/plantroid_msgs/srv/NeckServo_Request.msg
-- Installing: /home/plantroid/plantroid_ws/src/plantroid_msgs/install/plantroid_msgs/share/plantroid_msgs/srv/NeckServo_Response.msg
-- Installing: /home/plantroid/plantroid_ws/src/plantroid_msgs/install/plantroid_msgs/share/plantroid_msgs/srv/Sensors.srv
-- Installing: /home/plantroid/plantroid_ws/src/plantroid_msgs/install/plantroid_msgs/share/plantroid_msgs/srv/Sensors_Request.msg
-- Installing: /home/plantroid/plantroid_ws/src/plantroid_msgs/install/plantroid_msgs/share/plantroid_msgs/srv/Sensors_Response.msg
-- Installing: /home/plantroid/plantroid_ws/src/plantroid_msgs/install/plantroid_msgs/share/plantroid_msgs/srv/Command.srv
-- Installing: /home/plantroid/plantroid_ws/src/plantroid_msgs/install/plantroid_msgs/share/plantroid_msgs/srv/Command_Request.msg
-- Installing: /home/plantroid/plantroid_ws/src/plantroid_msgs/install/plantroid_msgs/share/plantroid_msgs/srv/Command_Response.msg
-- Installing: /home/plantroid/plantroid_ws/src/plantroid_msgs/install/plantroid_msgs/share/plantroid_msgs/srv/Gesture.srv
-- Installing: /home/plantroid/plantroid_ws/src/plantroid_msgs/install/plantroid_msgs/share/plantroid_msgs/srv/Gesture_Request.msg
-- Installing: /home/plantroid/plantroid_ws/src/plantroid_msgs/install/plantroid_msgs/share/plantroid_msgs/srv/Gesture_Response.msg
-- Installing: /home/plantroid/plantroid_ws/src/plantroid_msgs/install/plantroid_msgs/share/ament_index/resource_index/package_run_dependencies/plantroid_msgs
-- Installing: /home/plantroid/plantroid_ws/src/plantroid_msgs/install/plantroid_msgs/share/ament_index/resource_index/parent_prefix_path/plantroid_msgs
-- Installing: /home/plantroid/plantroid_ws/src/plantroid_msgs/install/plantroid_msgs/share/plantroid_msgs/environment/ament_prefix_path.sh
-- Installing: /home/plantroid/plantroid_ws/src/plantroid_msgs/install/plantroid_msgs/share/plantroid_msgs/environment/ament_prefix_path.dsv
-- Installing: /home/plantroid/plantroid_ws/src/plantroid_msgs/install/plantroid_msgs/share/plantroid_msgs/environment/path.sh
-- Installing: /home/plantroid/plantroid_ws/src/plantroid_msgs/install/plantroid_msgs/share/plantroid_msgs/environment/path.dsv
-- Installing: /home/plantroid/plantroid_ws/src/plantroid_msgs/install/plantroid_msgs/share/plantroid_msgs/local_setup.bash
-- Installing: /home/plantroid/plantroid_ws/src/plantroid_msgs/install/plantroid_msgs/share/plantroid_msgs/local_setup.sh
-- Installing: /home/plantroid/plantroid_ws/src/plantroid_msgs/install/plantroid_msgs/share/plantroid_msgs/local_setup.zsh
-- Installing: /home/plantroid/plantroid_ws/src/plantroid_msgs/install/plantroid_msgs/share/plantroid_msgs/local_setup.dsv
-- Installing: /home/plantroid/plantroid_ws/src/plantroid_msgs/install/plantroid_msgs/share/plantroid_msgs/package.dsv
-- Installing: /home/plantroid/plantroid_ws/src/plantroid_msgs/install/plantroid_msgs/share/ament_index/resource_index/packages/plantroid_msgs
-- Installing: /home/plantroid/plantroid_ws/src/plantroid_msgs/install/plantroid_msgs/share/plantroid_msgs/cmake/plantroid_msgs__rosidl_generator_cExport.cmake
-- Installing: /home/plantroid/plantroid_ws/src/plantroid_msgs/install/plantroid_msgs/share/plantroid_msgs/cmake/plantroid_msgs__rosidl_generator_cExport-noconfig.cmake
-- Installing: /home/plantroid/plantroid_ws/src/plantroid_msgs/install/plantroid_msgs/share/plantroid_msgs/cmake/plantroid_msgs__rosidl_typesupport_introspection_cExport.cmake
-- Installing: /home/plantroid/plantroid_ws/src/plantroid_msgs/install/plantroid_msgs/share/plantroid_msgs/cmake/plantroid_msgs__rosidl_typesupport_introspection_cExport-noconfig.cmake
-- Installing: /home/plantroid/plantroid_ws/src/plantroid_msgs/install/plantroid_msgs/share/plantroid_msgs/cmake/plantroid_msgs__rosidl_typesupport_cExport.cmake
-- Installing: /home/plantroid/plantroid_ws/src/plantroid_msgs/install/plantroid_msgs/share/plantroid_msgs/cmake/plantroid_msgs__rosidl_typesupport_cExport-noconfig.cmake
-- Installing: /home/plantroid/plantroid_ws/src/plantroid_msgs/install/plantroid_msgs/share/plantroid_msgs/cmake/plantroid_msgs__rosidl_generator_cppExport.cmake
-- Installing: /home/plantroid/plantroid_ws/src/plantroid_msgs/install/plantroid_msgs/share/plantroid_msgs/cmake/plantroid_msgs__rosidl_typesupport_introspection_cppExport.cmake
-- Installing: /home/plantroid/plantroid_ws/src/plantroid_msgs/install/plantroid_msgs/share/plantroid_msgs/cmake/plantroid_msgs__rosidl_typesupport_introspection_cppExport-noconfig.cmake
-- Installing: /home/plantroid/plantroid_ws/src/plantroid_msgs/install/plantroid_msgs/share/plantroid_msgs/cmake/plantroid_msgs__rosidl_typesupport_cppExport.cmake
-- Installing: /home/plantroid/plantroid_ws/src/plantroid_msgs/install/plantroid_msgs/share/plantroid_msgs/cmake/plantroid_msgs__rosidl_typesupport_cppExport-noconfig.cmake
-- Installing: /home/plantroid/plantroid_ws/src/plantroid_msgs/install/plantroid_msgs/share/plantroid_msgs/cmake/rosidl_cmake-extras.cmake
-- Installing: /home/plantroid/plantroid_ws/src/plantroid_msgs/install/plantroid_msgs/share/plantroid_msgs/cmake/ament_cmake_export_dependencies-extras.cmake
-- Installing: /home/plantroid/plantroid_ws/src/plantroid_msgs/install/plantroid_msgs/share/plantroid_msgs/cmake/ament_cmake_export_libraries-extras.cmake
-- Installing: /home/plantroid/plantroid_ws/src/plantroid_msgs/install/plantroid_msgs/share/plantroid_msgs/cmake/ament_cmake_export_targets-extras.cmake
-- Installing: /home/plantroid/plantroid_ws/src/plantroid_msgs/install/plantroid_msgs/share/plantroid_msgs/cmake/ament_cmake_export_include_directories-extras.cmake
-- Installing: /home/plantroid/plantroid_ws/src/plantroid_msgs/install/plantroid_msgs/share/plantroid_msgs/cmake/rosidl_cmake_export_typesupport_libraries-extras.cmake
-- Installing: /home/plantroid/plantroid_ws/src/plantroid_msgs/install/plantroid_msgs/share/plantroid_msgs/cmake/rosidl_cmake_export_typesupport_targets-extras.cmake
-- Installing: /home/plantroid/plantroid_ws/src/plantroid_msgs/install/plantroid_msgs/share/plantroid_msgs/cmake/plantroid_msgsConfig.cmake
-- Installing: /home/plantroid/plantroid_ws/src/plantroid_msgs/install/plantroid_msgs/share/plantroid_msgs/cmake/plantroid_msgsConfig-version.cmake
-- Installing: /home/plantroid/plantroid_ws/src/plantroid_msgs/install/plantroid_msgs/share/plantroid_msgs/package.xml
