running egg_info
creating ../../build/plantroid_listener/plantroid_listener.egg-info
writing ../../build/plantroid_listener/plantroid_listener.egg-info/PKG-INFO
writing dependency_links to ../../build/plantroid_listener/plantroid_listener.egg-info/dependency_links.txt
writing entry points to ../../build/plantroid_listener/plantroid_listener.egg-info/entry_points.txt
writing requirements to ../../build/plantroid_listener/plantroid_listener.egg-info/requires.txt
writing top-level names to ../../build/plantroid_listener/plantroid_listener.egg-info/top_level.txt
writing manifest file '../../build/plantroid_listener/plantroid_listener.egg-info/SOURCES.txt'
reading manifest file '../../build/plantroid_listener/plantroid_listener.egg-info/SOURCES.txt'
writing manifest file '../../build/plantroid_listener/plantroid_listener.egg-info/SOURCES.txt'
running build
running build_py
creating /home/antoniogaliza/ResearchWork/rooted/build/plantroid_listener/build
creating /home/antoniogaliza/ResearchWork/rooted/build/plantroid_listener/build/lib
creating /home/antoniogaliza/ResearchWork/rooted/build/plantroid_listener/build/lib/plantroid_listener
copying plantroid_listener/ListenServer.py -> /home/antoniogaliza/ResearchWork/rooted/build/plantroid_listener/build/lib/plantroid_listener
copying plantroid_listener/__init__.py -> /home/antoniogaliza/ResearchWork/rooted/build/plantroid_listener/build/lib/plantroid_listener
copying plantroid_listener/VAD.py -> /home/antoniogaliza/ResearchWork/rooted/build/plantroid_listener/build/lib/plantroid_listener
copying plantroid_listener/audio.py -> /home/antoniogaliza/ResearchWork/rooted/build/plantroid_listener/build/lib/plantroid_listener
running install
running install_lib
creating /home/antoniogaliza/ResearchWork/rooted/install/plantroid_listener/lib/python3.8/site-packages/plantroid_listener
copying /home/antoniogaliza/ResearchWork/rooted/build/plantroid_listener/build/lib/plantroid_listener/ListenServer.py -> /home/antoniogaliza/ResearchWork/rooted/install/plantroid_listener/lib/python3.8/site-packages/plantroid_listener
copying /home/antoniogaliza/ResearchWork/rooted/build/plantroid_listener/build/lib/plantroid_listener/__init__.py -> /home/antoniogaliza/ResearchWork/rooted/install/plantroid_listener/lib/python3.8/site-packages/plantroid_listener
copying /home/antoniogaliza/ResearchWork/rooted/build/plantroid_listener/build/lib/plantroid_listener/VAD.py -> /home/antoniogaliza/ResearchWork/rooted/install/plantroid_listener/lib/python3.8/site-packages/plantroid_listener
copying /home/antoniogaliza/ResearchWork/rooted/build/plantroid_listener/build/lib/plantroid_listener/audio.py -> /home/antoniogaliza/ResearchWork/rooted/install/plantroid_listener/lib/python3.8/site-packages/plantroid_listener
byte-compiling /home/antoniogaliza/ResearchWork/rooted/install/plantroid_listener/lib/python3.8/site-packages/plantroid_listener/ListenServer.py to ListenServer.cpython-38.pyc
byte-compiling /home/antoniogaliza/ResearchWork/rooted/install/plantroid_listener/lib/python3.8/site-packages/plantroid_listener/__init__.py to __init__.cpython-38.pyc
byte-compiling /home/antoniogaliza/ResearchWork/rooted/install/plantroid_listener/lib/python3.8/site-packages/plantroid_listener/VAD.py to VAD.cpython-38.pyc
byte-compiling /home/antoniogaliza/ResearchWork/rooted/install/plantroid_listener/lib/python3.8/site-packages/plantroid_listener/audio.py to audio.cpython-38.pyc
running install_data
creating /home/antoniogaliza/ResearchWork/rooted/install/plantroid_listener/share/ament_index
creating /home/antoniogaliza/ResearchWork/rooted/install/plantroid_listener/share/ament_index/resource_index
creating /home/antoniogaliza/ResearchWork/rooted/install/plantroid_listener/share/ament_index/resource_index/packages
copying resource/plantroid_listener -> /home/antoniogaliza/ResearchWork/rooted/install/plantroid_listener/share/ament_index/resource_index/packages
copying package.xml -> /home/antoniogaliza/ResearchWork/rooted/install/plantroid_listener/share/plantroid_listener
running install_egg_info
Copying ../../build/plantroid_listener/plantroid_listener.egg-info to /home/antoniogaliza/ResearchWork/rooted/install/plantroid_listener/lib/python3.8/site-packages/plantroid_listener-1.0.0-py3.8.egg-info
running install_scripts
Installing listener_server script to /home/antoniogaliza/ResearchWork/rooted/install/plantroid_listener/lib/plantroid_listener
writing list of installed files to '/home/antoniogaliza/ResearchWork/rooted/build/plantroid_listener/install.log'
