[0.369s] Invoking command in '/home/antoniogaliza/ResearchWork/rooted/src/plantroid_listener': PYTHONPATH=/home/antoniogaliza/ResearchWork/rooted/build/plantroid_listener/prefix_override:/home/antoniogaliza/ResearchWork/rooted/install/plantroid_listener/lib/python3.8/site-packages:${PYTHONPATH} /usr/bin/python3 setup.py egg_info --egg-base ../../build/plantroid_listener build --build-base /home/antoniogaliza/ResearchWork/rooted/build/plantroid_listener/build install --record /home/antoniogaliza/ResearchWork/rooted/build/plantroid_listener/install.log --install-scripts $base/lib/plantroid_listener --single-version-externally-managed
[0.499s] running egg_info
[0.499s] creating ../../build/plantroid_listener/plantroid_listener.egg-info
[0.499s] writing ../../build/plantroid_listener/plantroid_listener.egg-info/PKG-INFO
[0.499s] writing dependency_links to ../../build/plantroid_listener/plantroid_listener.egg-info/dependency_links.txt
[0.499s] writing entry points to ../../build/plantroid_listener/plantroid_listener.egg-info/entry_points.txt
[0.500s] writing requirements to ../../build/plantroid_listener/plantroid_listener.egg-info/requires.txt
[0.500s] writing top-level names to ../../build/plantroid_listener/plantroid_listener.egg-info/top_level.txt
[0.501s] writing manifest file '../../build/plantroid_listener/plantroid_listener.egg-info/SOURCES.txt'
[0.524s] reading manifest file '../../build/plantroid_listener/plantroid_listener.egg-info/SOURCES.txt'
[0.525s] writing manifest file '../../build/plantroid_listener/plantroid_listener.egg-info/SOURCES.txt'
[0.525s] running build
[0.525s] running build_py
[0.525s] creating /home/antoniogaliza/ResearchWork/rooted/build/plantroid_listener/build
[0.525s] creating /home/antoniogaliza/ResearchWork/rooted/build/plantroid_listener/build/lib
[0.525s] creating /home/antoniogaliza/ResearchWork/rooted/build/plantroid_listener/build/lib/plantroid_listener
[0.526s] copying plantroid_listener/ListenServer.py -> /home/antoniogaliza/ResearchWork/rooted/build/plantroid_listener/build/lib/plantroid_listener
[0.526s] copying plantroid_listener/__init__.py -> /home/antoniogaliza/ResearchWork/rooted/build/plantroid_listener/build/lib/plantroid_listener
[0.526s] copying plantroid_listener/VAD.py -> /home/antoniogaliza/ResearchWork/rooted/build/plantroid_listener/build/lib/plantroid_listener
[0.526s] copying plantroid_listener/audio.py -> /home/antoniogaliza/ResearchWork/rooted/build/plantroid_listener/build/lib/plantroid_listener
[0.526s] running install
[0.527s] running install_lib
[0.527s] creating /home/antoniogaliza/ResearchWork/rooted/install/plantroid_listener/lib/python3.8/site-packages/plantroid_listener
[0.527s] copying /home/antoniogaliza/ResearchWork/rooted/build/plantroid_listener/build/lib/plantroid_listener/ListenServer.py -> /home/antoniogaliza/ResearchWork/rooted/install/plantroid_listener/lib/python3.8/site-packages/plantroid_listener
[0.527s] copying /home/antoniogaliza/ResearchWork/rooted/build/plantroid_listener/build/lib/plantroid_listener/__init__.py -> /home/antoniogaliza/ResearchWork/rooted/install/plantroid_listener/lib/python3.8/site-packages/plantroid_listener
[0.527s] copying /home/antoniogaliza/ResearchWork/rooted/build/plantroid_listener/build/lib/plantroid_listener/VAD.py -> /home/antoniogaliza/ResearchWork/rooted/install/plantroid_listener/lib/python3.8/site-packages/plantroid_listener
[0.527s] copying /home/antoniogaliza/ResearchWork/rooted/build/plantroid_listener/build/lib/plantroid_listener/audio.py -> /home/antoniogaliza/ResearchWork/rooted/install/plantroid_listener/lib/python3.8/site-packages/plantroid_listener
[0.528s] byte-compiling /home/antoniogaliza/ResearchWork/rooted/install/plantroid_listener/lib/python3.8/site-packages/plantroid_listener/ListenServer.py to ListenServer.cpython-38.pyc
[0.529s] byte-compiling /home/antoniogaliza/ResearchWork/rooted/install/plantroid_listener/lib/python3.8/site-packages/plantroid_listener/__init__.py to __init__.cpython-38.pyc
[0.529s] byte-compiling /home/antoniogaliza/ResearchWork/rooted/install/plantroid_listener/lib/python3.8/site-packages/plantroid_listener/VAD.py to VAD.cpython-38.pyc
[0.529s] byte-compiling /home/antoniogaliza/ResearchWork/rooted/install/plantroid_listener/lib/python3.8/site-packages/plantroid_listener/audio.py to audio.cpython-38.pyc
[0.530s] running install_data
[0.530s] creating /home/antoniogaliza/ResearchWork/rooted/install/plantroid_listener/share/ament_index
[0.530s] creating /home/antoniogaliza/ResearchWork/rooted/install/plantroid_listener/share/ament_index/resource_index
[0.531s] creating /home/antoniogaliza/ResearchWork/rooted/install/plantroid_listener/share/ament_index/resource_index/packages
[0.531s] copying resource/plantroid_listener -> /home/antoniogaliza/ResearchWork/rooted/install/plantroid_listener/share/ament_index/resource_index/packages
[0.531s] copying package.xml -> /home/antoniogaliza/ResearchWork/rooted/install/plantroid_listener/share/plantroid_listener
[0.531s] running install_egg_info
[0.532s] Copying ../../build/plantroid_listener/plantroid_listener.egg-info to /home/antoniogaliza/ResearchWork/rooted/install/plantroid_listener/lib/python3.8/site-packages/plantroid_listener-1.0.0-py3.8.egg-info
[0.532s] running install_scripts
[0.544s] Installing listener_server script to /home/antoniogaliza/ResearchWork/rooted/install/plantroid_listener/lib/plantroid_listener
[0.544s] writing list of installed files to '/home/antoniogaliza/ResearchWork/rooted/build/plantroid_listener/install.log'
[0.557s] Invoked command in '/home/antoniogaliza/ResearchWork/rooted/src/plantroid_listener' returned '0': PYTHONPATH=/home/antoniogaliza/ResearchWork/rooted/build/plantroid_listener/prefix_override:/home/antoniogaliza/ResearchWork/rooted/install/plantroid_listener/lib/python3.8/site-packages:${PYTHONPATH} /usr/bin/python3 setup.py egg_info --egg-base ../../build/plantroid_listener build --build-base /home/antoniogaliza/ResearchWork/rooted/build/plantroid_listener/build install --record /home/antoniogaliza/ResearchWork/rooted/build/plantroid_listener/install.log --install-scripts $base/lib/plantroid_listener --single-version-externally-managed
